Archive member included to satisfy reference by file (symbol)

/opt/st/stm32cubeide_2.0.0/plugins/com.st.stm32cube.ide.mcu.externaltools.gnu-tools-for-stm32.13.3.rel1.linux64_1.0.100.202509120712/tools/bin/../lib/gcc/arm-none-eabi/13.3.1/../../../../arm-none-eabi/lib/thumb/v7e-m+fp/hard/libm.a(libm_a-w_sqrt.o)
                              CMakeFiles/2026_Main_BackUP.dir/Core/Src/main.cpp.obj (sqrt)
/opt/st/stm32cubeide_2.0.0/plugins/com.st.stm32cube.ide.mcu.externaltools.gnu-tools-for-stm32.13.3.rel1.linux64_1.0.100.202509120712/tools/bin/../lib/gcc/arm-none-eabi/13.3.1/../../../../arm-none-eabi/lib/thumb/v7e-m+fp/hard/libm.a(libm_a-e_sqrt.o)
                              /opt/st/stm32cubeide_2.0.0/plugins/com.st.stm32cube.ide.mcu.externaltools.gnu-tools-for-stm32.13.3.rel1.linux64_1.0.100.202509120712/tools/bin/../lib/gcc/arm-none-eabi/13.3.1/../../../../arm-none-eabi/lib/thumb/v7e-m+fp/hard/libm.a(libm_a-w_sqrt.o) (__ieee754_sqrt)
/opt/st/stm32cubeide_2.0.0/plugins/com.st.stm32cube.ide.mcu.externaltools.gnu-tools-for-stm32.13.3.rel1.linux64_1.0.100.202509120712/tools/bin/../lib/gcc/arm-none-eabi/13.3.1/thumb/v7e-m+fp/hard/libgcc.a(_arm_muldf3.o)
                              CMakeFiles/2026_Main_BackUP.dir/Core/Src/main.cpp.obj (__aeabi_dmul)
/opt/st/stm32cubeide_2.0.0/plugins/com.st.stm32cube.ide.mcu.externaltools.gnu-tools-for-stm32.13.3.rel1.linux64_1.0.100.202509120712/tools/bin/../lib/gcc/arm-none-eabi/13.3.1/thumb/v7e-m+fp/hard/libgcc.a(_arm_addsubdf3.o)
                              CMakeFiles/2026_Main_BackUP.dir/Core/Src/main.cpp.obj (__aeabi_dsub)
/opt/st/stm32cubeide_2.0.0/plugins/com.st.stm32cube.ide.mcu.externaltools.gnu-tools-for-stm32.13.3.rel1.linux64_1.0.100.202509120712/tools/bin/../lib/gcc/arm-none-eabi/13.3.1/thumb/v7e-m+fp/hard/libgcc.a(_arm_muldivdf3.o)
                              CMakeFiles/2026_Main_BackUP.dir/Core/Src/main.cpp.obj (__aeabi_ddiv)
/opt/st/stm32cubeide_2.0.0/plugins/com.st.stm32cube.ide.mcu.externaltools.gnu-tools-for-stm32.13.3.rel1.linux64_1.0.100.202509120712/tools/bin/../lib/gcc/arm-none-eabi/13.3.1/thumb/v7e-m+fp/hard/libgcc.a(_arm_cmpdf2.o)
                              CMakeFiles/2026_Main_BackUP.dir/Core/Src/main.cpp.obj (__aeabi_dcmplt)
/opt/st/stm32cubeide_2.0.0/plugins/com.st.stm32cube.ide.mcu.externaltools.gnu-tools-for-stm32.13.3.rel1.linux64_1.0.100.202509120712/tools/bin/../lib/gcc/arm-none-eabi/13.3.1/thumb/v7e-m+fp/hard/libgcc.a(_arm_unorddf2.o)
                              /opt/st/stm32cubeide_2.0.0/plugins/com.st.stm32cube.ide.mcu.externaltools.gnu-tools-for-stm32.13.3.rel1.linux64_1.0.100.202509120712/tools/bin/../lib/gcc/arm-none-eabi/13.3.1/../../../../arm-none-eabi/lib/thumb/v7e-m+fp/hard/libm.a(libm_a-w_sqrt.o) (__aeabi_dcmpun)
/opt/st/stm32cubeide_2.0.0/plugins/com.st.stm32cube.ide.mcu.externaltools.gnu-tools-for-stm32.13.3.rel1.linux64_1.0.100.202509120712/tools/bin/../lib/gcc/arm-none-eabi/13.3.1/thumb/v7e-m+fp/hard/libgcc.a(_arm_fixdfsi.o)
                              CMakeFiles/2026_Main_BackUP.dir/Core/Src/main.cpp.obj (__aeabi_d2iz)
/opt/st/stm32cubeide_2.0.0/plugins/com.st.stm32cube.ide.mcu.externaltools.gnu-tools-for-stm32.13.3.rel1.linux64_1.0.100.202509120712/tools/bin/../lib/gcc/arm-none-eabi/13.3.1/thumb/v7e-m+fp/hard/libgcc.a(_aeabi_uldivmod.o)
                              cmake/stm32cubemx/CMakeFiles/STM32_Drivers.dir/__/__/Drivers/STM32F4xx_HAL_Driver/Src/stm32f4xx_hal_rcc.c.obj (__aeabi_uldivmod)
/opt/st/stm32cubeide_2.0.0/plugins/com.st.stm32cube.ide.mcu.externaltools.gnu-tools-for-stm32.13.3.rel1.linux64_1.0.100.202509120712/tools/bin/../lib/gcc/arm-none-eabi/13.3.1/thumb/v7e-m+fp/hard/libgcc.a(_udivmoddi4.o)
                              /opt/st/stm32cubeide_2.0.0/plugins/com.st.stm32cube.ide.mcu.externaltools.gnu-tools-for-stm32.13.3.rel1.linux64_1.0.100.202509120712/tools/bin/../lib/gcc/arm-none-eabi/13.3.1/thumb/v7e-m+fp/hard/libgcc.a(_aeabi_uldivmod.o) (__udivmoddi4)
/opt/st/stm32cubeide_2.0.0/plugins/com.st.stm32cube.ide.mcu.externaltools.gnu-tools-for-stm32.13.3.rel1.linux64_1.0.100.202509120712/tools/bin/../lib/gcc/arm-none-eabi/13.3.1/thumb/v7e-m+fp/hard/libgcc.a(_dvmd_tls.o)
                              /opt/st/stm32cubeide_2.0.0/plugins/com.st.stm32cube.ide.mcu.externaltools.gnu-tools-for-stm32.13.3.rel1.linux64_1.0.100.202509120712/tools/bin/../lib/gcc/arm-none-eabi/13.3.1/thumb/v7e-m+fp/hard/libgcc.a(_aeabi_uldivmod.o) (__aeabi_ldiv0)
/opt/st/stm32cubeide_2.0.0/plugins/com.st.stm32cube.ide.mcu.externaltools.gnu-tools-for-stm32.13.3.rel1.linux64_1.0.100.202509120712/tools/bin/../lib/gcc/arm-none-eabi/13.3.1/../../../../arm-none-eabi/lib/thumb/v7e-m+fp/hard/libg_nano.a(libc_a-exit.o)
                              /opt/st/stm32cubeide_2.0.0/plugins/com.st.stm32cube.ide.mcu.externaltools.gnu-tools-for-stm32.13.3.rel1.linux64_1.0.100.202509120712/tools/bin/../lib/gcc/arm-none-eabi/13.3.1/../../../../arm-none-eabi/lib/thumb/v7e-m+fp/hard/crt0.o (exit)
[...]
Memory Configuration

Name             Origin             Length             Attributes
RAM              0x20000000         0x00020000         xrw
FLASH            0x08000000         0x00080000         xr
*default*        0x00000000         0xffffffff

Linker script and memory map

LOAD /opt/st/stm32cubeide_2.0.0/plugins/com.st.stm32cube.ide.mcu.externaltools.gnu-tools-for-stm32.13.3.rel1.linux64_1.0.100.202509120712/tools/bin/../lib/gcc/arm-none-eabi/13.3.1/thumb/v7e-m+fp/hard/crti.o
LOAD /opt/st/stm32cubeide_2.0.0/plugins/com.st.stm32cube.ide.mcu.externaltools.gnu-tools-for-stm32.13.3.rel1.linux64_1.0.100.202509120712/tools/bin/../lib/gcc/arm-none-eabi/13.3.1/thumb/v7e-m+fp/hard/crtbegin.o
LOAD /opt/st/stm32cubeide_2.0.0/plugins/com.st.stm32cube.ide.mcu.externaltools.gnu-tools-for-stm32.13.3.rel1.linux64_1.0.100.202509120712/tools/bin/../lib/gcc/arm-none-eabi/13.3.1/../../../../arm-none-eabi/lib/thumb/v7e-m+fp/hard/crt0.o
LOAD CMakeFiles/2026_Main_BackUP.dir/Core/Src/main.cpp.obj
LOAD CMakeFiles/2026_Main_BackUP.dir/lib/ISS/ISS_POWER.cpp.obj
LOAD CMakeFiles/2026_Main_BackUP.dir/lib/ISS/ISS_SBUS16.cpp.obj
LOAD CMakeFiles/2026_Main_BackUP.dir/lib/RoboMaster/M2006.cpp.obj
LOAD CMakeFiles/2026_Main_BackUP.dir/lib/RoboMaster/M3508.cpp.obj
LOAD CMakeFiles/2026_Main_BackUP.dir/lib/RoboMaster/RMaster.cpp.obj
LOAD CMakeFiles/2026_Main_BackUP.dir/Core/Src/stm32f4xx_it.c.obj
LOAD CMakeFiles/2026_Main_BackUP.dir/Core/Src/stm32f4xx_hal_msp.c.obj
LOAD CMakeFiles/2026_Main_BackUP.dir/Core/Src/sysmem.c.obj
LOAD CMakeFiles/2026_Main_BackUP.dir/Core/Src/syscalls.c.obj
LOAD CMakeFiles/2026_Main_BackUP.dir/startup_stm32f446xx.s.obj
LOAD cmake/stm32cubemx/CMakeFiles/STM32_Drivers.dir/__/__/Core/Src/system_stm32f4xx.c.obj
LOAD cmake/stm32cubemx/CMakeFiles/STM32_Drivers.dir/__/__/Drivers/STM32F4xx_HAL_Driver/Src/stm32f4xx_hal_can.c.obj
LOAD cmake/stm32cubemx/CMakeFiles/STM32_Drivers.dir/__/__/Drivers/STM32F4xx_HAL_Driver/Src/stm32f4xx_hal_rcc.c.obj
LOAD cmake/stm32cubemx/CMakeFiles/STM32_Drivers.dir/__/__/Drivers/STM32F4xx_HAL_Driver/Src/stm32f4xx_hal_rcc_ex.c.obj
LOAD cmake/stm32cubemx/CMakeFiles/STM32_Drivers.dir/__/__/Drivers/STM32F4xx_HAL_Driver/Src/stm32f4xx_hal_flash.c.obj
LOAD cmake/stm32cubemx/CMakeFiles/STM32_Drivers.dir/__/__/Drivers/STM32F4xx_HAL_Driver/Src/stm32f4xx_hal_flash_ex.c.obj
LOAD cmake/stm32cubemx/CMakeFiles/STM32_Drivers.dir/__/__/Drivers/STM32F4xx_HAL_Driver/Src/stm32f4xx_hal_flash_ramfunc.c.obj
LOAD cmake/stm32cubemx/CMakeFiles/STM32_Drivers.dir/__/__/Drivers/STM32F4xx_HAL_Driver/Src/stm32f4xx_hal_gpio.c.obj
LOAD cmake/stm32cubemx/CMakeFiles/STM32_Drivers.dir/__/__/Drivers/STM32F4xx_HAL_Driver/Src/stm32f4xx_hal_dma_ex.c.obj
LOAD cmake/stm32cubemx/CMakeFiles/STM32_Drivers.dir/__/__/Drivers/STM32F4xx_HAL_Driver/Src/stm32f4xx_hal_dma.c.obj
LOAD cmake/stm32cubemx/CMakeFiles/STM32_Drivers.dir/__/__/Drivers/STM32F4xx_HAL_Driver/Src/stm32f4xx_hal_pwr.c.obj
LOAD cmake/stm32cubemx/CMakeFiles/STM32_Drivers.dir/__/__/Drivers/STM32F4xx_HAL_Driver/Src/stm32f4xx_hal_pwr_ex.c.obj
LOAD cmake/stm32cubemx/CMakeFiles/STM32_Drivers.dir/__/__/Drivers/STM32F4xx_HAL_Driver/Src/stm32f4xx_hal_cortex.c.obj
LOAD cmake/stm32cubemx/CMakeFiles/STM32_Drivers.dir/__/__/Drivers/STM32F4xx_HAL_Driver/Src/stm32f4xx_hal.c.obj
LOAD cmake/stm32cubemx/CMakeFiles/STM32_Drivers.dir/__/__/Drivers/STM32F4xx_HAL_Driver/Src/stm32f4xx_hal_exti.c.obj
LOAD cmake/stm32cubemx/CMakeFiles/STM32_Drivers.dir/__/__/Drivers/STM32F4xx_HAL_Driver/Src/stm32f4xx_hal_tim.c.obj
LOAD cmake/stm32cubemx/CMakeFiles/STM32_Drivers.dir/__/__/Drivers/STM32F4xx_HAL_Driver/Src/stm32f4xx_hal_tim_ex.c.obj
LOAD cmake/stm32cubemx/CMakeFiles/STM32_Drivers.dir/__/__/Drivers/STM32F4xx_HAL_Driver/Src/stm32f4xx_hal_uart.c.obj
LOAD /opt/st/stm32cubeide_2.0.0/plugins/com.st.stm32cube.ide.mcu.externaltools.gnu-tools-for-stm32.13.3.rel1.linux64_1.0.100.202509120712/tools/bin/../lib/gcc/arm-none-eabi/13.3.1/../../../../arm-none-eabi/lib/thumb/v7e-m+fp/hard/libstdc++_nano.a
LOAD /opt/st/stm32cubeide_2.0.0/plugins/com.st.stm32cube.ide.mcu.externaltools.gnu-tools-for-stm32.13.3.rel1.linux64_1.0.100.202509120712/tools/bin/../lib/gcc/arm-none-eabi/13.3.1/../../../../arm-none-eabi/lib/thumb/v7e-m+fp/hard/libm.a
START GROUP
LOAD /opt/st/stm32cubeide_2.0.0/plugins/com.st.stm32cube.ide.mcu.externaltools.gnu-tools-for-stm32.13.3.rel1.linux64_1.0.100.202509120712/tools/bin/../lib/gcc/arm-none-eabi/13.3.1/thumb/v7e-m+fp/hard/libgcc.a
LOAD /opt/st/stm32cubeide_2.0.0/plugins/com.st.stm32cube.ide.mcu.externaltools.gnu-tools-for-stm32.13.3.rel1.linux64_1.0.100.202509120712/tools/bin/../lib/gcc/arm-none-eabi/13.3.1/../../../../arm-none-eabi/lib/thumb/v7e-m+fp/hard/libg_nano.a
LOAD /opt/st/stm32cubeide_2.0.0/plugins/com.st.stm32cube.ide.mcu.externaltools.gnu-tools-for-stm32.13.3.rel1.linux64_1.0.100.202509120712/tools/bin/../lib/gcc/arm-none-eabi/13.3.1/../../../../arm-none-eabi/lib/thumb/v7e-m+fp/hard/libc_nano.a
END GROUP
START GROUP
LOAD /opt/st/stm32cubeide_2.0.0/plugins/com.st.stm32cube.ide.mcu.externaltools.gnu-tools-for-stm32.13.3.rel1.linux64_1.0.100.202509120712/tools/bin/../lib/gcc/arm-none-eabi/13.3.1/thumb/v7e-m+fp/hard/libgcc.a
LOAD /opt/st/stm32cubeide_2.0.0/plugins/com.st.stm32cube.ide.mcu.externaltools.gnu-tools-for-stm32.13.3.rel1.linux64_1.0.100.202509120712/tools/bin/../lib/gcc/arm-none-eabi/13.3.1/../../../../arm-none-eabi/lib/thumb/v7e-m+fp/hard/libc_nano.a
END GROUP
LOAD /opt/st/stm32cubeide_2.0.0/plugins/com.st.stm32cube.ide.mcu.externaltools.gnu-tools-for-stm32.13.3.rel1.linux64_1.0.100.202509120712/tools/bin/../lib/gcc/arm-none-eabi/13.3.1/thumb/v7e-m+fp/hard/crtend.o
LOAD /opt/st/stm32cubeide_2.0.0/plugins/com.st.stm32cube.ide.mcu.externaltools.gnu-tools-for-stm32.13.3.rel1.linux64_1.0.100.202509120712/tools/bin/../lib/gcc/arm-none-eabi/13.3.1/thumb/v7e-m+fp/hard/crtn.o
                0x20020000                        _estack = (ORIGIN (RAM) + LENGTH (RAM))
                0x00000200                        _Min_Heap_Size = 0x200
                0x00000400                        _Min_Stack_Size = 0x400

.isr_vector     0x08000000      0x1c4
                0x08000000                        . = ALIGN (0x4)
 *(.isr_vector)
 .isr_vector    0x08000000      0x1c4 CMakeFiles/2026_Main_BackUP.dir/startup_stm32f446xx.s.obj
                0x08000000                g_pfnVectors
                0x080001c4                        . = ALIGN (0x4)

.text           0x080001c8     0x5e58
                0x080001c8                        . = ALIGN (0x4)
 *(.text)
 .text          0x080001c8       0x40 /opt/st/stm32cubeide_2.0.0/plugins/com.st.stm32cube.ide.mcu.externaltools.gnu-tools-for-stm32.13.3.rel1.linux64_1.0.100.202509120712/tools/bin/../lib/gcc/arm-none-eabi/13.3.1/thumb/v7e-m+fp/hard/crtbegin.o
 .text          0x08000208      0x378 /opt/st/stm32cubeide_2.0.0/plugins/com.st.stm32cube.ide.mcu.externaltools.gnu-tools-for-stm32.13.3.rel1.linux64_1.0.100.202509120712/tools/bin/../lib/gcc/arm-none-eabi/13.3.1/thumb/v7e-m+fp/hard/libgcc.a(_arm_addsubdf3.o)
                0x08000208                __aeabi_drsub
                0x08000210                __aeabi_dsub
                0x08000210                __subdf3
                0x08000214                __adddf3
                0x08000214                __aeabi_dadd
                0x0800048c                __aeabi_ui2d
                0x0800048c                __floatunsidf
                0x080004ac                __floatsidf
                0x080004ac                __aeabi_i2d
                0x080004d0                __extendsfdf2
                0x080004d0                __aeabi_f2d
                0x08000514                __aeabi_ul2d
                0x08000514                __floatundidf
                0x08000524                __floatdidf
                0x08000524                __aeabi_l2d
 .text          0x08000580      0x424 /opt/st/stm32cubeide_2.0.0/plugins/com.st.stm32cube.ide.mcu.externaltools.gnu-tools-for-stm32.13.3.rel1.linux64_1.0.100.202509120712/tools/bin/../lib/gcc/arm-none-eabi/13.3.1/thumb/v7e-m+fp/hard/libgcc.a(_arm_muldivdf3.o)
                0x08000580                __aeabi_dmul
                0x08000580                __muldf3
                0x080007d4                __aeabi_ddiv
                0x080007d4                __divdf3
 .text          0x080009a4      0x110 /opt/st/stm32cubeide_2.0.0/plugins/com.st.stm32cube.ide.mcu.externaltools.gnu-tools-for-stm32.13.3.rel1.linux64_1.0.100.202509120712/tools/bin/../lib/gcc/arm-none-eabi/13.3.1/thumb/v7e-m+fp/hard/libgcc.a(_arm_cmpdf2.o)
                0x080009a4                __gtdf2
                0x080009a4                __gedf2
                0x080009ac                __ltdf2
                0x080009ac                __ledf2
                0x080009b4                __cmpdf2
                0x080009b4                __eqdf2
                0x080009b4                __nedf2
                0x08000a30                __aeabi_cdrcmple
                0x08000a40                __aeabi_cdcmple
                0x08000a40                __aeabi_cdcmpeq
                0x08000a50                __aeabi_dcmpeq
                0x08000a64                __aeabi_dcmplt
                0x08000a78                __aeabi_dcmple
                0x08000a8c                __aeabi_dcmpge
                0x08000aa0                __aeabi_dcmpgt
 .text          0x08000ab4       0x2c /opt/st/stm32cubeide_2.0.0/plugins/com.st.stm32cube.ide.mcu.externaltools.gnu-tools-for-stm32.13.3.rel1.linux64_1.0.100.202509120712/tools/bin/../lib/gcc/arm-none-eabi/13.3.1/thumb/v7e-m+fp/hard/libgcc.a(_arm_unorddf2.o)
                0x08000ab4                __aeabi_dcmpun
                0x08000ab4                __unorddf2
 .text          0x08000ae0       0x50 /opt/st/stm32cubeide_2.0.0/plugins/com.st.stm32cube.ide.mcu.externaltools.gnu-tools-for-stm32.13.3.rel1.linux64_1.0.100.202509120712/tools/bin/../lib/gcc/arm-none-eabi/13.3.1/thumb/v7e-m+fp/hard/libgcc.a(_arm_fixdfsi.o)
                0x08000ae0                __fixdfsi
                0x08000ae0                __aeabi_d2iz
 .text          0x08000b30       0x30 /opt/st/stm32cubeide_2.0.0/plugins/com.st.stm32cube.ide.mcu.externaltools.gnu-tools-for-stm32.13.3.rel1.linux64_1.0.100.202509120712/tools/bin/../lib/gcc/arm-none-eabi/13.3.1/thumb/v7e-m+fp/hard/libgcc.a(_aeabi_uldivmod.o)
                0x08000b30                __aeabi_uldivmod
 .text          0x08000b60      0x2f8 /opt/st/stm32cubeide_2.0.0/plugins/com.st.stm32cube.ide.mcu.externaltools.gnu-tools-for-stm32.13.3.rel1.linux64_1.0.100.202509120712/tools/bin/../lib/gcc/arm-none-eabi/13.3.1/thumb/v7e-m+fp/hard/libgcc.a(_udivmoddi4.o)
                0x08000b60                __udivmoddi4
 .text          0x08000e58        0x4 /opt/st/stm32cubeide_2.0.0/plugins/com.st.stm32cube.ide.mcu.externaltools.gnu-tools-for-stm32.13.3.rel1.linux64_1.0.100.202509120712/tools/bin/../lib/gcc/arm-none-eabi/13.3.1/thumb/v7e-m+fp/hard/libgcc.a(_dvmd_tls.o)
                0x08000e58                __aeabi_ldiv0
                0x08000e58                __aeabi_idiv0
 *(.text*)
 .text.HAL_CAN_RxFifo1MsgPendingCallback
                0x08000e5c       0x98 CMakeFiles/2026_Main_BackUP.dir/Core/Src/main.cpp.obj
                0x08000e5c                HAL_CAN_RxFifo1MsgPendingCallback
 .text.HAL_CAN_RxFifo0MsgPendingCallback
                0x08000ef4       0x4c CMakeFiles/2026_Main_BackUP.dir/Core/Src/main.cpp.obj
                0x08000ef4                HAL_CAN_RxFifo0MsgPendingCallback
 .text._Z6my_absd
                0x08000f40       0x40 CMakeFiles/2026_Main_BackUP.dir/Core/Src/main.cpp.obj
                0x08000f40                my_abs(double)
 .text.main     0x08000f80      0x8b8 CMakeFiles/2026_Main_BackUP.dir/Core/Src/main.cpp.obj
                0x08000f80                main
 .text._Z18SystemClock_Configv
                0x08001838       0xf0 CMakeFiles/2026_Main_BackUP.dir/Core/Src/main.cpp.obj
                0x08001838                SystemClock_Config()
 .text._ZL12MX_CAN1_Initv
                0x08001928       0x78 CMakeFiles/2026_Main_BackUP.dir/Core/Src/main.cpp.obj
 .text._ZL12MX_CAN2_Initv
                0x080019a0       0x78 CMakeFiles/2026_Main_BackUP.dir/Core/Src/main.cpp.obj
 .text._ZL12MX_TIM6_Initv
                0x08001a18       0x80 CMakeFiles/2026_Main_BackUP.dir/Core/Src/main.cpp.obj
 .text._ZL19MX_USART2_UART_Initv
                0x08001a98       0x5c CMakeFiles/2026_Main_BackUP.dir/Core/Src/main.cpp.obj
 .text._ZL12MX_GPIO_Initv
                0x08001af4       0xdc CMakeFiles/2026_Main_BackUP.dir/Core/Src/main.cpp.obj
 .text.Error_Handler
                0x08001bd0        0xc CMakeFiles/2026_Main_BackUP.dir/Core/Src/main.cpp.obj
                0x08001bd0                Error_Handler
 .text._Z41__static_initialization_and_destruction_0v
                0x08001bdc       0x14 CMakeFiles/2026_Main_BackUP.dir/Core/Src/main.cpp.obj
 .text._GLOBAL__sub_I_hcan1
                0x08001bf0        0xa CMakeFiles/2026_Main_BackUP.dir/Core/Src/main.cpp.obj
 .text._ZN10ISS_SBUS16C2Ev
                0x08001bfa       0x56 CMakeFiles/2026_Main_BackUP.dir/lib/ISS/ISS_SBUS16.cpp.obj
                0x08001bfa                ISS_SBUS16::ISS_SBUS16()
                0x08001bfa                ISS_SBUS16::ISS_SBUS16()
 .text._ZN10ISS_SBUS166_swbitEh
                0x08001c50       0x30 CMakeFiles/2026_Main_BackUP.dir/lib/ISS/ISS_SBUS16.cpp.obj
                0x08001c50                ISS_SBUS16::_swbit(unsigned char)
 .text._ZN10ISS_SBUS167receiveEmPh
                0x08001c80      0x298 CMakeFiles/2026_Main_BackUP.dir/lib/ISS/ISS_SBUS16.cpp.obj
                0x08001c80                ISS_SBUS16::receive(unsigned long, unsigned char*)
 .text._ZN10ISS_SBUS168isActiveEv
                0x08001f18       0x22 CMakeFiles/2026_Main_BackUP.dir/lib/ISS/ISS_SBUS16.cpp.obj
                0x08001f18                ISS_SBUS16::isActive()
 .text._ZN10ISS_SBUS168getStickEi
                0x08001f3a       0x5a CMakeFiles/2026_Main_BackUP.dir/lib/ISS/ISS_SBUS16.cpp.obj
                0x08001f3a                ISS_SBUS16::getStick(int)
 .text._ZN10ISS_SBUS1618recieveDelayUpdateEd
                0x08001f94       0x7e CMakeFiles/2026_Main_BackUP.dir/lib/ISS/ISS_SBUS16.cpp.obj
                0x08001f94                ISS_SBUS16::recieveDelayUpdate(double)
 .text._ZN5M20065resetEv
                0x08002012       0x36 CMakeFiles/2026_Main_BackUP.dir/lib/RoboMaster/M2006.cpp.obj
                0x08002012                M2006::reset()
 .text._ZN5M200610speedResetEv
                0x08002048       0x26 CMakeFiles/2026_Main_BackUP.dir/lib/RoboMaster/M2006.cpp.obj
                0x08002048                M2006::speedReset()
 .text._ZN5M20069rotaResetEv
                0x0800206e       0x3e CMakeFiles/2026_Main_BackUP.dir/lib/RoboMaster/M2006.cpp.obj
                0x0800206e                M2006::rotaReset()
 *fill*         0x080020ac        0x4 
 .text._ZN5M20069emergencyEv
                0x080020b0       0x28 CMakeFiles/2026_Main_BackUP.dir/lib/RoboMaster/M2006.cpp.obj
                0x080020b0                M2006::emergency()
 .text._ZN5M20069readStateEv
                0x080020d8       0x32 CMakeFiles/2026_Main_BackUP.dir/lib/RoboMaster/M2006.cpp.obj
                0x080020d8                M2006::readState()
 .text._ZN5M200614clearCountReadEv
                0x0800210a       0x1a CMakeFiles/2026_Main_BackUP.dir/lib/RoboMaster/M2006.cpp.obj
                0x0800210a                M2006::clearCountRead()
 .text._ZN5M200612addCountReadEv
                0x08002124       0x38 CMakeFiles/2026_Main_BackUP.dir/lib/RoboMaster/M2006.cpp.obj
                0x08002124                M2006::addCountRead()
 *fill*         0x0800215c        0x4 
 .text._ZN5M20066setAmpEd
                0x08002160       0x5c CMakeFiles/2026_Main_BackUP.dir/lib/RoboMaster/M2006.cpp.obj
                0x08002160                M2006::setAmp(double)
 .text._ZN5M200613setAmpChipherEs
                0x080021bc       0x60 CMakeFiles/2026_Main_BackUP.dir/lib/RoboMaster/M2006.cpp.obj
                0x080021bc                M2006::setAmpChipher(short)
 .text._ZN5M200614resettargetAmpEv
                0x0800221c       0x1a CMakeFiles/2026_Main_BackUP.dir/lib/RoboMaster/M2006.cpp.obj
                0x0800221c                M2006::resettargetAmp()
 .text._ZN5M200610setRPMdataEs
                0x08002236       0x28 CMakeFiles/2026_Main_BackUP.dir/lib/RoboMaster/M2006.cpp.obj
                0x08002236                M2006::setRPMdata(short)
 *fill*         0x0800225e        0x2 
 .text._ZN5M20068setAngleEs
                0x08002260       0xa8 CMakeFiles/2026_Main_BackUP.dir/lib/RoboMaster/M2006.cpp.obj
                0x08002260                M2006::setAngle(short)
 .text._ZN5M20066getAmpEv
                0x08002308       0x54 CMakeFiles/2026_Main_BackUP.dir/lib/RoboMaster/M2006.cpp.obj
                0x08002308                M2006::getAmp()
 .text._ZN5M3508C2Eh4GainS0_
                0x0800235c       0x96 CMakeFiles/2026_Main_BackUP.dir/lib/RoboMaster/M3508.cpp.obj
                0x0800235c                M3508::M3508(unsigned char, Gain, Gain)
                0x0800235c                M3508::M3508(unsigned char, Gain, Gain)
 .text._ZN5M35085resetEv
                0x080023f2       0x36 CMakeFiles/2026_Main_BackUP.dir/lib/RoboMaster/M3508.cpp.obj
                0x080023f2                M3508::reset()
 .text._ZN5M350810speedResetEv
                0x08002428       0x26 CMakeFiles/2026_Main_BackUP.dir/lib/RoboMaster/M3508.cpp.obj
                0x08002428                M3508::speedReset()
 .text._ZN5M35089rotaResetEv
                0x0800244e       0x3e CMakeFiles/2026_Main_BackUP.dir/lib/RoboMaster/M3508.cpp.obj
                0x0800244e                M3508::rotaReset()
 .text._ZN5M350813locativeResetEv
                0x0800248c       0x22 CMakeFiles/2026_Main_BackUP.dir/lib/RoboMaster/M3508.cpp.obj
                0x0800248c                M3508::locativeReset()
 *fill*         0x080024ae        0x2 
 .text._ZN5M35089emergencyEv
                0x080024b0       0x28 CMakeFiles/2026_Main_BackUP.dir/lib/RoboMaster/M3508.cpp.obj
                0x080024b0                M3508::emergency()
 .text._ZN5M35089readStateEv
                0x080024d8       0x32 CMakeFiles/2026_Main_BackUP.dir/lib/RoboMaster/M3508.cpp.obj
                0x080024d8                M3508::readState()
 .text._ZN5M350814clearCountReadEv
                0x0800250a       0x1a CMakeFiles/2026_Main_BackUP.dir/lib/RoboMaster/M3508.cpp.obj
                0x0800250a                M3508::clearCountRead()
 .text._ZN5M350812addCountReadEv
                0x08002524       0x38 CMakeFiles/2026_Main_BackUP.dir/lib/RoboMaster/M3508.cpp.obj
                0x08002524                M3508::addCountRead()
 *fill*         0x0800255c        0x4 
 .text._ZN5M350815speedPidProcessEsd
                0x08002560      0x1b4 CMakeFiles/2026_Main_BackUP.dir/lib/RoboMaster/M3508.cpp.obj
                0x08002560                M3508::speedPidProcess(short, double)
 .text._ZN5M350816pidErrorProcessSEd
                0x08002714       0x2e CMakeFiles/2026_Main_BackUP.dir/lib/RoboMaster/M3508.cpp.obj
                0x08002714                M3508::pidErrorProcessS(double)
 *fill*         0x08002742        0x2 
 .text._ZN5M35086setAmpEd
                0x08002744       0x54 CMakeFiles/2026_Main_BackUP.dir/lib/RoboMaster/M3508.cpp.obj
                0x08002744                M3508::setAmp(double)
 .text._ZN5M350813setAmpChipherEs
                0x08002798       0x58 CMakeFiles/2026_Main_BackUP.dir/lib/RoboMaster/M3508.cpp.obj
                0x08002798                M3508::setAmpChipher(short)
 .text._ZN5M350814resettargetAmpEv
                0x080027f0       0x1a CMakeFiles/2026_Main_BackUP.dir/lib/RoboMaster/M3508.cpp.obj
                0x080027f0                M3508::resettargetAmp()
 .text._ZN5M350810setRPMdataEs
                0x0800280a       0x28 CMakeFiles/2026_Main_BackUP.dir/lib/RoboMaster/M3508.cpp.obj
                0x0800280a                M3508::setRPMdata(short)
 *fill*         0x08002832        0x6 
 .text._ZN5M35088setAngleEs
                0x08002838       0xa8 CMakeFiles/2026_Main_BackUP.dir/lib/RoboMaster/M3508.cpp.obj
                0x08002838                M3508::setAngle(short)
 .text._ZN5M35086getAmpEv
                0x080028e0       0x4e CMakeFiles/2026_Main_BackUP.dir/lib/RoboMaster/M3508.cpp.obj
                0x080028e0                M3508::getAmp()
 .text._ZN5M35085getIDEv
                0x0800292e       0x18 CMakeFiles/2026_Main_BackUP.dir/lib/RoboMaster/M3508.cpp.obj
                0x0800292e                M3508::getID()
 .text._ZN7RoboMasC2EP17CAN_HandleTypeDef
                0x08002946       0x44 CMakeFiles/2026_Main_BackUP.dir/lib/RoboMaster/RMaster.cpp.obj
                0x08002946                RoboMas::RoboMas(CAN_HandleTypeDef*)
                0x08002946                RoboMas::RoboMas(CAN_HandleTypeDef*)
 .text._ZN7RoboMas8addMotorEP5M3508
                0x0800298a       0x66 CMakeFiles/2026_Main_BackUP.dir/lib/RoboMaster/RMaster.cpp.obj
                0x0800298a                RoboMas::addMotor(M3508*)
 .text._ZN7RoboMas11sendProcessEv
                0x080029f0      0x24a CMakeFiles/2026_Main_BackUP.dir/lib/RoboMaster/RMaster.cpp.obj
                0x080029f0                RoboMas::sendProcess()
 .text._ZN7RoboMas11readProcessEP17CAN_HandleTypeDef
                0x08002c3a      0x1c2 CMakeFiles/2026_Main_BackUP.dir/lib/RoboMaster/RMaster.cpp.obj
                0x08002c3a                RoboMas::readProcess(CAN_HandleTypeDef*)
 .text.NMI_Handler
                0x08002dfc        0x8 CMakeFiles/2026_Main_BackUP.dir/Core/Src/stm32f4xx_it.c.obj
                0x08002dfc                NMI_Handler
 .text.HardFault_Handler
                0x08002e04        0x8 CMakeFiles/2026_Main_BackUP.dir/Core/Src/stm32f4xx_it.c.obj
                0x08002e04                HardFault_Handler
 .text.MemManage_Handler
                0x08002e0c        0x8 CMakeFiles/2026_Main_BackUP.dir/Core/Src/stm32f4xx_it.c.obj
                0x08002e0c                MemManage_Handler
 .text.BusFault_Handler
                0x08002e14        0x8 CMakeFiles/2026_Main_BackUP.dir/Core/Src/stm32f4xx_it.c.obj
                0x08002e14                BusFault_Handler
 .text.UsageFault_Handler
                0x08002e1c        0x8 CMakeFiles/2026_Main_BackUP.dir/Core/Src/stm32f4xx_it.c.obj
                0x08002e1c                UsageFault_Handler
 .text.SVC_Handler
                0x08002e24        0xe CMakeFiles/2026_Main_BackUP.dir/Core/Src/stm32f4xx_it.c.obj
                0x08002e24                SVC_Handler
 .text.DebugMon_Handler
                0x08002e32        0xe CMakeFiles/2026_Main_BackUP.dir/Core/Src/stm32f4xx_it.c.obj
                0x08002e32                DebugMon_Handler
 .text.PendSV_Handler
                0x08002e40        0xe CMakeFiles/2026_Main_BackUP.dir/Core/Src/stm32f4xx_it.c.obj
                0x08002e40                PendSV_Handler
 .text.SysTick_Handler
                0x08002e4e        0xc CMakeFiles/2026_Main_BackUP.dir/Core/Src/stm32f4xx_it.c.obj
                0x08002e4e                SysTick_Handler
 *fill*         0x08002e5a        0x2 
 .text.CAN1_TX_IRQHandler
                0x08002e5c       0x14 CMakeFiles/2026_Main_BackUP.dir/Core/Src/stm32f4xx_it.c.obj
                0x08002e5c                CAN1_TX_IRQHandler
 .text.CAN1_RX0_IRQHandler
                0x08002e70       0x14 CMakeFiles/2026_Main_BackUP.dir/Core/Src/stm32f4xx_it.c.obj
                0x08002e70                CAN1_RX0_IRQHandler
 .text.CAN1_RX1_IRQHandler
                0x08002e84       0x14 CMakeFiles/2026_Main_BackUP.dir/Core/Src/stm32f4xx_it.c.obj
                0x08002e84                CAN1_RX1_IRQHandler
 .text.TIM6_DAC_IRQHandler
                0x08002e98       0x14 CMakeFiles/2026_Main_BackUP.dir/Core/Src/stm32f4xx_it.c.obj
                0x08002e98                TIM6_DAC_IRQHandler
 .text.CAN2_TX_IRQHandler
                0x08002eac       0x14 CMakeFiles/2026_Main_BackUP.dir/Core/Src/stm32f4xx_it.c.obj
                0x08002eac                CAN2_TX_IRQHandler
 .text.CAN2_RX0_IRQHandler
                0x08002ec0       0x14 CMakeFiles/2026_Main_BackUP.dir/Core/Src/stm32f4xx_it.c.obj
                0x08002ec0                CAN2_RX0_IRQHandler
 .text.CAN2_RX1_IRQHandler
                0x08002ed4       0x14 CMakeFiles/2026_Main_BackUP.dir/Core/Src/stm32f4xx_it.c.obj
                0x08002ed4                CAN2_RX1_IRQHandler
 .text.HAL_MspInit
                0x08002ee8       0x50 CMakeFiles/2026_Main_BackUP.dir/Core/Src/stm32f4xx_hal_msp.c.obj
                0x08002ee8                HAL_MspInit
 .text.HAL_CAN_MspInit
                0x08002f38      0x1a4 CMakeFiles/2026_Main_BackUP.dir/Core/Src/stm32f4xx_hal_msp.c.obj
                0x08002f38                HAL_CAN_MspInit
 .text.HAL_TIM_Base_MspInit
                0x080030dc       0x50 CMakeFiles/2026_Main_BackUP.dir/Core/Src/stm32f4xx_hal_msp.c.obj
                0x080030dc                HAL_TIM_Base_MspInit
 .text.HAL_UART_MspInit
                0x0800312c       0x90 CMakeFiles/2026_Main_BackUP.dir/Core/Src/stm32f4xx_hal_msp.c.obj
                0x0800312c                HAL_UART_MspInit
 .text.Reset_Handler
                0x080031bc       0x50 CMakeFiles/2026_Main_BackUP.dir/startup_stm32f446xx.s.obj
                0x080031bc                Reset_Handler
 .text.Default_Handler
                0x0800320c        0x2 CMakeFiles/2026_Main_BackUP.dir/startup_stm32f446xx.s.obj
                0x0800320c                RTC_Alarm_IRQHandler
                0x0800320c                EXTI2_IRQHandler
                0x0800320c                TIM8_CC_IRQHandler
                0x0800320c                FMPI2C1_EV_IRQHandler
                0x0800320c                SPI4_IRQHandler
                0x0800320c                TIM1_CC_IRQHandler
                0x0800320c                DMA2_Stream5_IRQHandler
                0x0800320c                DMA1_Stream5_IRQHandler
                0x0800320c                PVD_IRQHandler
                0x0800320c                SDIO_IRQHandler
                0x0800320c                TAMP_STAMP_IRQHandler
                0x0800320c                EXTI3_IRQHandler
                0x0800320c                TIM8_TRG_COM_TIM14_IRQHandler
                0x0800320c                TIM1_UP_TIM10_IRQHandler
                0x0800320c                TIM8_UP_TIM13_IRQHandler
                0x0800320c                I2C3_ER_IRQHandler
                0x0800320c                EXTI0_IRQHandler
                0x0800320c                I2C2_EV_IRQHandler
                0x0800320c                DMA1_Stream2_IRQHandler
                0x0800320c                FPU_IRQHandler
                0x0800320c                OTG_HS_WKUP_IRQHandler
                0x0800320c                CAN2_SCE_IRQHandler
                0x0800320c                DMA2_Stream2_IRQHandler
                0x0800320c                SPI1_IRQHandler
                0x0800320c                TIM1_BRK_TIM9_IRQHandler
                0x0800320c                DCMI_IRQHandler
                0x0800320c                DMA2_Stream3_IRQHandler
                0x0800320c                SAI2_IRQHandler
                0x0800320c                USART6_IRQHandler
                0x0800320c                USART3_IRQHandler
                0x0800320c                UART5_IRQHandler
                0x0800320c                DMA2_Stream0_IRQHandler
                0x0800320c                TIM4_IRQHandler
                0x0800320c                QUADSPI_IRQHandler
                0x0800320c                I2C1_EV_IRQHandler
                0x0800320c                DMA1_Stream6_IRQHandler
                0x0800320c                DMA1_Stream1_IRQHandler
                0x0800320c                UART4_IRQHandler
                0x0800320c                TIM3_IRQHandler
                0x0800320c                RCC_IRQHandler
                0x0800320c                TIM8_BRK_TIM12_IRQHandler
                0x0800320c                Default_Handler
                0x0800320c                CEC_IRQHandler
                0x0800320c                EXTI15_10_IRQHandler
                0x0800320c                ADC_IRQHandler
                0x0800320c                DMA1_Stream7_IRQHandler
                0x0800320c                TIM7_IRQHandler
                0x0800320c                TIM5_IRQHandler
                0x0800320c                DMA2_Stream7_IRQHandler
                0x0800320c                I2C3_EV_IRQHandler
                0x0800320c                EXTI9_5_IRQHandler
                0x0800320c                RTC_WKUP_IRQHandler
                0x0800320c                SPDIF_RX_IRQHandler
                0x0800320c                SPI2_IRQHandler
                0x0800320c                OTG_HS_EP1_IN_IRQHandler
                0x0800320c                DMA1_Stream0_IRQHandler
                0x0800320c                FMPI2C1_ER_IRQHandler
                0x0800320c                EXTI4_IRQHandler
                0x0800320c                OTG_HS_EP1_OUT_IRQHandler
                0x0800320c                WWDG_IRQHandler
                0x0800320c                TIM2_IRQHandler
                0x0800320c                OTG_FS_WKUP_IRQHandler
                0x0800320c                TIM1_TRG_COM_TIM11_IRQHandler
                0x0800320c                OTG_HS_IRQHandler
                0x0800320c                EXTI1_IRQHandler
                0x0800320c                USART2_IRQHandler
                0x0800320c                I2C2_ER_IRQHandler
                0x0800320c                DMA2_Stream1_IRQHandler
                0x0800320c                CAN1_SCE_IRQHandler
                0x0800320c                FLASH_IRQHandler
                0x0800320c                DMA2_Stream4_IRQHandler
                0x0800320c                USART1_IRQHandler
                0x0800320c                OTG_FS_IRQHandler
                0x0800320c                SPI3_IRQHandler
                0x0800320c                DMA1_Stream4_IRQHandler
                0x0800320c                I2C1_ER_IRQHandler
                0x0800320c                FMC_IRQHandler
                0x0800320c                DMA2_Stream6_IRQHandler
                0x0800320c                SAI1_IRQHandler
                0x0800320c                DMA1_Stream3_IRQHandler
 *fill*         0x0800320e        0x2 
 .text.SystemInit
                0x08003210       0x24 cmake/stm32cubemx/CMakeFiles/STM32_Drivers.dir/__/__/Core/Src/system_stm32f4xx.c.obj
                0x08003210                SystemInit
 .text.HAL_CAN_Init
                0x08003234      0x1f6 cmake/stm32cubemx/CMakeFiles/STM32_Drivers.dir/__/__/Drivers/STM32F4xx_HAL_Driver/Src/stm32f4xx_hal_can.c.obj
                0x08003234                HAL_CAN_Init
 *fill*         0x0800342a        0x2 
 .text.HAL_CAN_ConfigFilter
                0x0800342c      0x1bc cmake/stm32cubemx/CMakeFiles/STM32_Drivers.dir/__/__/Drivers/STM32F4xx_HAL_Driver/Src/stm32f4xx_hal_can.c.obj
                0x0800342c                HAL_CAN_ConfigFilter
 .text.HAL_CAN_Start
                0x080035e8       0x88 cmake/stm32cubemx/CMakeFiles/STM32_Drivers.dir/__/__/Drivers/STM32F4xx_HAL_Driver/Src/stm32f4xx_hal_can.c.obj
                0x080035e8                HAL_CAN_Start
 .text.HAL_CAN_AddTxMessage
                0x08003670      0x1a0 cmake/stm32cubemx/CMakeFiles/STM32_Drivers.dir/__/__/Drivers/STM32F4xx_HAL_Driver/Src/stm32f4xx_hal_can.c.obj
                0x08003670                HAL_CAN_AddTxMessage
 .text.HAL_CAN_GetTxMailboxesFreeLevel
                0x08003810       0x6a cmake/stm32cubemx/CMakeFiles/STM32_Drivers.dir/__/__/Drivers/STM32F4xx_HAL_Driver/Src/stm32f4xx_hal_can.c.obj
                0x08003810                HAL_CAN_GetTxMailboxesFreeLevel
 .text.HAL_CAN_GetRxMessage
                0x0800387a      0x244 cmake/stm32cubemx/CMakeFiles/STM32_Drivers.dir/__/__/Drivers/STM32F4xx_HAL_Driver/Src/stm32f4xx_hal_can.c.obj
                0x0800387a                HAL_CAN_GetRxMessage
 .text.HAL_CAN_ActivateNotification
                0x08003abe       0x4c cmake/stm32cubemx/CMakeFiles/STM32_Drivers.dir/__/__/Drivers/STM32F4xx_HAL_Driver/Src/stm32f4xx_hal_can.c.obj
                0x08003abe                HAL_CAN_ActivateNotification
 .text.HAL_CAN_IRQHandler
                0x08003b0a      0x36e cmake/stm32cubemx/CMakeFiles/STM32_Drivers.dir/__/__/Drivers/STM32F4xx_HAL_Driver/Src/stm32f4xx_hal_can.c.obj
                0x08003b0a                HAL_CAN_IRQHandler
 .text.HAL_CAN_TxMailbox0CompleteCallback
                0x08003e78       0x14 cmake/stm32cubemx/CMakeFiles/STM32_Drivers.dir/__/__/Drivers/STM32F4xx_HAL_Driver/Src/stm32f4xx_hal_can.c.obj
                0x08003e78                HAL_CAN_TxMailbox0CompleteCallback
 .text.HAL_CAN_TxMailbox1CompleteCallback
                0x08003e8c       0x14 cmake/stm32cubemx/CMakeFiles/STM32_Drivers.dir/__/__/Drivers/STM32F4xx_HAL_Driver/Src/stm32f4xx_hal_can.c.obj
                0x08003e8c                HAL_CAN_TxMailbox1CompleteCallback
 .text.HAL_CAN_TxMailbox2CompleteCallback
                0x08003ea0       0x14 cmake/stm32cubemx/CMakeFiles/STM32_Drivers.dir/__/__/Drivers/STM32F4xx_HAL_Driver/Src/stm32f4xx_hal_can.c.obj
                0x08003ea0                HAL_CAN_TxMailbox2CompleteCallback
 .text.HAL_CAN_TxMailbox0AbortCallback
                0x08003eb4       0x14 cmake/stm32cubemx/CMakeFiles/STM32_Drivers.dir/__/__/Drivers/STM32F4xx_HAL_Driver/Src/stm32f4xx_hal_can.c.obj
                0x08003eb4                HAL_CAN_TxMailbox0AbortCallback
 .text.HAL_CAN_TxMailbox1AbortCallback
                0x08003ec8       0x14 cmake/stm32cubemx/CMakeFiles/STM32_Drivers.dir/__/__/Drivers/STM32F4xx_HAL_Driver/Src/stm32f4xx_hal_can.c.obj
                0x08003ec8                HAL_CAN_TxMailbox1AbortCallback
 .text.HAL_CAN_TxMailbox2AbortCallback
                0x08003edc       0x14 cmake/stm32cubemx/CMakeFiles/STM32_Drivers.dir/__/__/Drivers/STM32F4xx_HAL_Driver/Src/stm32f4xx_hal_can.c.obj
                0x08003edc                HAL_CAN_TxMailbox2AbortCallback
 .text.HAL_CAN_RxFifo0FullCallback
                0x08003ef0       0x14 cmake/stm32cubemx/CMakeFiles/STM32_Drivers.dir/__/__/Drivers/STM32F4xx_HAL_Driver/Src/stm32f4xx_hal_can.c.obj
                0x08003ef0                HAL_CAN_RxFifo0FullCallback
 .text.HAL_CAN_RxFifo1FullCallback
                0x08003f04       0x14 cmake/stm32cubemx/CMakeFiles/STM32_Drivers.dir/__/__/Drivers/STM32F4xx_HAL_Driver/Src/stm32f4xx_hal_can.c.obj
                0x08003f04                HAL_CAN_RxFifo1FullCallback
 .text.HAL_CAN_SleepCallback
                0x08003f18       0x14 cmake/stm32cubemx/CMakeFiles/STM32_Drivers.dir/__/__/Drivers/STM32F4xx_HAL_Driver/Src/stm32f4xx_hal_can.c.obj
                0x08003f18                HAL_CAN_SleepCallback
 .text.HAL_CAN_WakeUpFromRxMsgCallback
                0x08003f2c       0x14 cmake/stm32cubemx/CMakeFiles/STM32_Drivers.dir/__/__/Drivers/STM32F4xx_HAL_Driver/Src/stm32f4xx_hal_can.c.obj
                0x08003f2c                HAL_CAN_WakeUpFromRxMsgCallback
 .text.HAL_CAN_ErrorCallback
                0x08003f40       0x14 cmake/stm32cubemx/CMakeFiles/STM32_Drivers.dir/__/__/Drivers/STM32F4xx_HAL_Driver/Src/stm32f4xx_hal_can.c.obj
                0x08003f40                HAL_CAN_ErrorCallback
 .text.HAL_CAN_GetError
                0x08003f54       0x18 cmake/stm32cubemx/CMakeFiles/STM32_Drivers.dir/__/__/Drivers/STM32F4xx_HAL_Driver/Src/stm32f4xx_hal_can.c.obj
                0x08003f54                HAL_CAN_GetError
 .text.HAL_CAN_ResetError
                0x08003f6c       0x46 cmake/stm32cubemx/CMakeFiles/STM32_Drivers.dir/__/__/Drivers/STM32F4xx_HAL_Driver/Src/stm32f4xx_hal_can.c.obj
                0x08003f6c                HAL_CAN_ResetError
 *fill*         0x08003fb2        0x2 
 .text.HAL_RCC_ClockConfig
                0x08003fb4      0x1cc cmake/stm32cubemx/CMakeFiles/STM32_Drivers.dir/__/__/Drivers/STM32F4xx_HAL_Driver/Src/stm32f4xx_hal_rcc.c.obj
                0x08003fb4                HAL_RCC_ClockConfig
 .text.HAL_RCC_GetHCLKFreq
                0x08004180       0x18 cmake/stm32cubemx/CMakeFiles/STM32_Drivers.dir/__/__/Drivers/STM32F4xx_HAL_Driver/Src/stm32f4xx_hal_rcc.c.obj
                0x08004180                HAL_RCC_GetHCLKFreq
 .text.HAL_RCC_GetPCLK1Freq
                0x08004198       0x28 cmake/stm32cubemx/CMakeFiles/STM32_Drivers.dir/__/__/Drivers/STM32F4xx_HAL_Driver/Src/stm32f4xx_hal_rcc.c.obj
                0x08004198                HAL_RCC_GetPCLK1Freq
 .text.HAL_RCC_GetPCLK2Freq
                0x080041c0       0x28 cmake/stm32cubemx/CMakeFiles/STM32_Drivers.dir/__/__/Drivers/STM32F4xx_HAL_Driver/Src/stm32f4xx_hal_rcc.c.obj
                0x080041c0                HAL_RCC_GetPCLK2Freq
 .text.HAL_RCC_GetSysClockFreq
                0x080041e8      0x460 cmake/stm32cubemx/CMakeFiles/STM32_Drivers.dir/__/__/Drivers/STM32F4xx_HAL_Driver/Src/stm32f4xx_hal_rcc_ex.c.obj
                0x080041e8                HAL_RCC_GetSysClockFreq
 .text.HAL_RCC_OscConfig
                0x08004648      0x53c cmake/stm32cubemx/CMakeFiles/STM32_Drivers.dir/__/__/Drivers/STM32F4xx_HAL_Driver/Src/stm32f4xx_hal_rcc_ex.c.obj
                0x08004648                HAL_RCC_OscConfig
 .text.HAL_GPIO_Init
                0x08004b84      0x328 cmake/stm32cubemx/CMakeFiles/STM32_Drivers.dir/__/__/Drivers/STM32F4xx_HAL_Driver/Src/stm32f4xx_hal_gpio.c.obj
                0x08004b84                HAL_GPIO_Init
 .text.HAL_GPIO_WritePin
                0x08004eac       0x32 cmake/stm32cubemx/CMakeFiles/STM32_Drivers.dir/__/__/Drivers/STM32F4xx_HAL_Driver/Src/stm32f4xx_hal_gpio.c.obj
                0x08004eac                HAL_GPIO_WritePin
 *fill*         0x08004ede        0x2 
 .text.__NVIC_SetPriorityGrouping
                0x08004ee0       0x48 cmake/stm32cubemx/CMakeFiles/STM32_Drivers.dir/__/__/Drivers/STM32F4xx_HAL_Driver/Src/stm32f4xx_hal_cortex.c.obj
 .text.__NVIC_GetPriorityGrouping
                0x08004f28       0x1c cmake/stm32cubemx/CMakeFiles/STM32_Drivers.dir/__/__/Drivers/STM32F4xx_HAL_Driver/Src/stm32f4xx_hal_cortex.c.obj
 .text.__NVIC_EnableIRQ
                0x08004f44       0x3c cmake/stm32cubemx/CMakeFiles/STM32_Drivers.dir/__/__/Drivers/STM32F4xx_HAL_Driver/Src/stm32f4xx_hal_cortex.c.obj
 .text.__NVIC_SetPriority
                0x08004f80       0x54 cmake/stm32cubemx/CMakeFiles/STM32_Drivers.dir/__/__/Drivers/STM32F4xx_HAL_Driver/Src/stm32f4xx_hal_cortex.c.obj
 .text.NVIC_EncodePriority
                0x08004fd4       0x66 cmake/stm32cubemx/CMakeFiles/STM32_Drivers.dir/__/__/Drivers/STM32F4xx_HAL_Driver/Src/stm32f4xx_hal_cortex.c.obj
 *fill*         0x0800503a        0x2 
 .text.SysTick_Config
                0x0800503c       0x44 cmake/stm32cubemx/CMakeFiles/STM32_Drivers.dir/__/__/Drivers/STM32F4xx_HAL_Driver/Src/stm32f4xx_hal_cortex.c.obj
 .text.HAL_NVIC_SetPriorityGrouping
                0x08005080       0x16 cmake/stm32cubemx/CMakeFiles/STM32_Drivers.dir/__/__/Drivers/STM32F4xx_HAL_Driver/Src/stm32f4xx_hal_cortex.c.obj
                0x08005080                HAL_NVIC_SetPriorityGrouping
 .text.HAL_NVIC_SetPriority
                0x08005096       0x38 cmake/stm32cubemx/CMakeFiles/STM32_Drivers.dir/__/__/Drivers/STM32F4xx_HAL_Driver/Src/stm32f4xx_hal_cortex.c.obj
                0x08005096                HAL_NVIC_SetPriority
 .text.HAL_NVIC_EnableIRQ
                0x080050ce       0x1c cmake/stm32cubemx/CMakeFiles/STM32_Drivers.dir/__/__/Drivers/STM32F4xx_HAL_Driver/Src/stm32f4xx_hal_cortex.c.obj
                0x080050ce                HAL_NVIC_EnableIRQ
 .text.HAL_SYSTICK_Config
                0x080050ea       0x18 cmake/stm32cubemx/CMakeFiles/STM32_Drivers.dir/__/__/Drivers/STM32F4xx_HAL_Driver/Src/stm32f4xx_hal_cortex.c.obj
                0x080050ea                HAL_SYSTICK_Config
 *fill*         0x08005102        0x2 
 .text.HAL_Init
                0x08005104       0x44 cmake/stm32cubemx/CMakeFiles/STM32_Drivers.dir/__/__/Drivers/STM32F4xx_HAL_Driver/Src/stm32f4xx_hal.c.obj
                0x08005104                HAL_Init
 .text.HAL_InitTick
                0x08005148       0x60 cmake/stm32cubemx/CMakeFiles/STM32_Drivers.dir/__/__/Drivers/STM32F4xx_HAL_Driver/Src/stm32f4xx_hal.c.obj
                0x08005148                HAL_InitTick
 .text.HAL_IncTick
                0x080051a8       0x28 cmake/stm32cubemx/CMakeFiles/STM32_Drivers.dir/__/__/Drivers/STM32F4xx_HAL_Driver/Src/stm32f4xx_hal.c.obj
                0x080051a8                HAL_IncTick
 .text.HAL_GetTick
                0x080051d0       0x18 cmake/stm32cubemx/CMakeFiles/STM32_Drivers.dir/__/__/Drivers/STM32F4xx_HAL_Driver/Src/stm32f4xx_hal.c.obj
                0x080051d0                HAL_GetTick
 .text.HAL_TIM_Base_Init
                0x080051e8       0x9e cmake/stm32cubemx/CMakeFiles/STM32_Drivers.dir/__/__/Drivers/STM32F4xx_HAL_Driver/Src/stm32f4xx_hal_tim.c.obj
                0x080051e8                HAL_TIM_Base_Init
 *fill*         0x08005286        0x2 
 .text.HAL_TIM_Base_Start_IT
                0x08005288       0xe0 cmake/stm32cubemx/CMakeFiles/STM32_Drivers.dir/__/__/Drivers/STM32F4xx_HAL_Driver/Src/stm32f4xx_hal_tim.c.obj
                0x08005288                HAL_TIM_Base_Start_IT
 .text.HAL_TIM_IRQHandler
                0x08005368      0x1e0 cmake/stm32cubemx/CMakeFiles/STM32_Drivers.dir/__/__/Drivers/STM32F4xx_HAL_Driver/Src/stm32f4xx_hal_tim.c.obj
                0x08005368                HAL_TIM_IRQHandler
 .text.HAL_TIM_PeriodElapsedCallback
                0x08005548       0x14 cmake/stm32cubemx/CMakeFiles/STM32_Drivers.dir/__/__/Drivers/STM32F4xx_HAL_Driver/Src/stm32f4xx_hal_tim.c.obj
                0x08005548                HAL_TIM_PeriodElapsedCallback
 .text.HAL_TIM_OC_DelayElapsedCallback
                0x0800555c       0x14 cmake/stm32cubemx/CMakeFiles/STM32_Drivers.dir/__/__/Drivers/STM32F4xx_HAL_Driver/Src/stm32f4xx_hal_tim.c.obj
                0x0800555c                HAL_TIM_OC_DelayElapsedCallback
 .text.HAL_TIM_IC_CaptureCallback
                0x08005570       0x14 cmake/stm32cubemx/CMakeFiles/STM32_Drivers.dir/__/__/Drivers/STM32F4xx_HAL_Driver/Src/stm32f4xx_hal_tim.c.obj
                0x08005570                HAL_TIM_IC_CaptureCallback
 .text.HAL_TIM_PWM_PulseFinishedCallback
                0x08005584       0x14 cmake/stm32cubemx/CMakeFiles/STM32_Drivers.dir/__/__/Drivers/STM32F4xx_HAL_Driver/Src/stm32f4xx_hal_tim.c.obj
                0x08005584                HAL_TIM_PWM_PulseFinishedCallback
 .text.HAL_TIM_TriggerCallback
                0x08005598       0x14 cmake/stm32cubemx/CMakeFiles/STM32_Drivers.dir/__/__/Drivers/STM32F4xx_HAL_Driver/Src/stm32f4xx_hal_tim.c.obj
                0x08005598                HAL_TIM_TriggerCallback
 .text.TIM_Base_SetConfig
                0x080055ac      0x14c cmake/stm32cubemx/CMakeFiles/STM32_Drivers.dir/__/__/Drivers/STM32F4xx_HAL_Driver/Src/stm32f4xx_hal_tim.c.obj
                0x080055ac                TIM_Base_SetConfig
 .text.HAL_TIMEx_MasterConfigSynchronization
                0x080056f8       0xf8 cmake/stm32cubemx/CMakeFiles/STM32_Drivers.dir/__/__/Drivers/STM32F4xx_HAL_Driver/Src/stm32f4xx_hal_tim_ex.c.obj
                0x080056f8                HAL_TIMEx_MasterConfigSynchronization
 .text.HAL_TIMEx_CommutCallback
                0x080057f0       0x14 cmake/stm32cubemx/CMakeFiles/STM32_Drivers.dir/__/__/Drivers/STM32F4xx_HAL_Driver/Src/stm32f4xx_hal_tim_ex.c.obj
                0x080057f0                HAL_TIMEx_CommutCallback
 .text.HAL_TIMEx_BreakCallback
                0x08005804       0x14 cmake/stm32cubemx/CMakeFiles/STM32_Drivers.dir/__/__/Drivers/STM32F4xx_HAL_Driver/Src/stm32f4xx_hal_tim_ex.c.obj
                0x08005804                HAL_TIMEx_BreakCallback
 .text.HAL_UART_Init
                0x08005818       0xa0 cmake/stm32cubemx/CMakeFiles/STM32_Drivers.dir/__/__/Drivers/STM32F4xx_HAL_Driver/Src/stm32f4xx_hal_uart.c.obj
                0x08005818                HAL_UART_Init
 .text.UART_SetConfig
                0x080058b8      0x4e8 cmake/stm32cubemx/CMakeFiles/STM32_Drivers.dir/__/__/Drivers/STM32F4xx_HAL_Driver/Src/stm32f4xx_hal_uart.c.obj
 .text.sqrt     0x08005da0       0x58 /opt/st/stm32cubeide_2.0.0/plugins/com.st.stm32cube.ide.mcu.externaltools.gnu-tools-for-stm32.13.3.rel1.linux64_1.0.100.202509120712/tools/bin/../lib/gcc/arm-none-eabi/13.3.1/../../../../arm-none-eabi/lib/thumb/v7e-m+fp/hard/libm.a(libm_a-w_sqrt.o)
                0x08005da0                sqrt
 .text.__ieee754_sqrt
                0x08005df8      0x1ac /opt/st/stm32cubeide_2.0.0/plugins/com.st.stm32cube.ide.mcu.externaltools.gnu-tools-for-stm32.13.3.rel1.linux64_1.0.100.202509120712/tools/bin/../lib/gcc/arm-none-eabi/13.3.1/../../../../arm-none-eabi/lib/thumb/v7e-m+fp/hard/libm.a(libm_a-e_sqrt.o)
                0x08005df8                __ieee754_sqrt
 .text.memset   0x08005fa4       0x10 /opt/st/stm32cubeide_2.0.0/plugins/com.st.stm32cube.ide.mcu.externaltools.gnu-tools-for-stm32.13.3.rel1.linux64_1.0.100.202509120712/tools/bin/../lib/gcc/arm-none-eabi/13.3.1/../../../../arm-none-eabi/lib/thumb/v7e-m+fp/hard/libg_nano.a(libc_a-memset.o)
                0x08005fa4                memset
 .text.__errno  0x08005fb4        0xc /opt/st/stm32cubeide_2.0.0/plugins/com.st.stm32cube.ide.mcu.externaltools.gnu-tools-for-stm32.13.3.rel1.linux64_1.0.100.202509120712/tools/bin/../lib/gcc/arm-none-eabi/13.3.1/../../../../arm-none-eabi/lib/thumb/v7e-m+fp/hard/libg_nano.a(libc_a-errno.o)
                0x08005fb4                __errno
 .text.__libc_init_array
                0x08005fc0       0x48 /opt/st/stm32cubeide_2.0.0/plugins/com.st.stm32cube.ide.mcu.externaltools.gnu-tools-for-stm32.13.3.rel1.linux64_1.0.100.202509120712/tools/bin/../lib/gcc/arm-none-eabi/13.3.1/../../../../arm-none-eabi/lib/thumb/v7e-m+fp/hard/libg_nano.a(libc_a-init.o)
                0x08005fc0                __libc_init_array
 *(.glue_7)
 .glue_7        0x08006008        0x0 linker stubs
 *(.glue_7t)
 .glue_7t       0x08006008        0x0 linker stubs
 *(.eh_frame)
 .eh_frame      0x08006008        0x0 /opt/st/stm32cubeide_2.0.0/plugins/com.st.stm32cube.ide.mcu.externaltools.gnu-tools-for-stm32.13.3.rel1.linux64_1.0.100.202509120712/tools/bin/../lib/gcc/arm-none-eabi/13.3.1/thumb/v7e-m+fp/hard/crtbegin.o
 *(.init)
 .init          0x08006008        0x4 /opt/st/stm32cubeide_2.0.0/plugins/com.st.stm32cube.ide.mcu.externaltools.gnu-tools-for-stm32.13.3.rel1.linux64_1.0.100.202509120712/tools/bin/../lib/gcc/arm-none-eabi/13.3.1/thumb/v7e-m+fp/hard/crti.o
                0x08006008                _init
 .init          0x0800600c        0x8 /opt/st/stm32cubeide_2.0.0/plugins/com.st.stm32cube.ide.mcu.externaltools.gnu-tools-for-stm32.13.3.rel1.linux64_1.0.100.202509120712/tools/bin/../lib/gcc/arm-none-eabi/13.3.1/thumb/v7e-m+fp/hard/crtn.o
 *(.fini)
 .fini          0x08006014        0x4 /opt/st/stm32cubeide_2.0.0/plugins/com.st.stm32cube.ide.mcu.externaltools.gnu-tools-for-stm32.13.3.rel1.linux64_1.0.100.202509120712/tools/bin/../lib/gcc/arm-none-eabi/13.3.1/thumb/v7e-m+fp/hard/crti.o
                0x08006014                _fini
 .fini          0x08006018        0x8 /opt/st/stm32cubeide_2.0.0/plugins/com.st.stm32cube.ide.mcu.externaltools.gnu-tools-for-stm32.13.3.rel1.linux64_1.0.100.202509120712/tools/bin/../lib/gcc/arm-none-eabi/13.3.1/thumb/v7e-m+fp/hard/crtn.o
                0x08006020                        . = ALIGN (0x4)
                0x08006020                        _etext = .

.vfp11_veneer   0x08006020        0x0
 .vfp11_veneer  0x08006020        0x0 linker stubs

.v4_bx          0x08006020        0x0
 .v4_bx         0x08006020        0x0 linker stubs

.iplt           0x08006020        0x0
 .iplt          0x08006020        0x0 /opt/st/stm32cubeide_2.0.0/plugins/com.st.stm32cube.ide.mcu.externaltools.gnu-tools-for-stm32.13.3.rel1.linux64_1.0.100.202509120712/tools/bin/../lib/gcc/arm-none-eabi/13.3.1/thumb/v7e-m+fp/hard/crtbegin.o

.rodata         0x08006020       0x68
                0x08006020                        . = ALIGN (0x4)
 *(.rodata)
 .rodata        0x08006020       0x40 CMakeFiles/2026_Main_BackUP.dir/Core/Src/main.cpp.obj
 *(.rodata*)
 .rodata.AHBPrescTable
                0x08006060       0x10 cmake/stm32cubemx/CMakeFiles/STM32_Drivers.dir/__/__/Core/Src/system_stm32f4xx.c.obj
                0x08006060                AHBPrescTable
 .rodata.APBPrescTable
                0x08006070        0x8 cmake/stm32cubemx/CMakeFiles/STM32_Drivers.dir/__/__/Core/Src/system_stm32f4xx.c.obj
                0x08006070                APBPrescTable
 .rodata.tiny   0x08006078        0x8 /opt/st/stm32cubeide_2.0.0/plugins/com.st.stm32cube.ide.mcu.externaltools.gnu-tools-for-stm32.13.3.rel1.linux64_1.0.100.202509120712/tools/bin/../lib/gcc/arm-none-eabi/13.3.1/../../../../arm-none-eabi/lib/thumb/v7e-m+fp/hard/libm.a(libm_a-e_sqrt.o)
 .rodata.one    0x08006080        0x8 /opt/st/stm32cubeide_2.0.0/plugins/com.st.stm32cube.ide.mcu.externaltools.gnu-tools-for-stm32.13.3.rel1.linux64_1.0.100.202509120712/tools/bin/../lib/gcc/arm-none-eabi/13.3.1/../../../../arm-none-eabi/lib/thumb/v7e-m+fp/hard/libm.a(libm_a-e_sqrt.o)
                0x08006088                        . = ALIGN (0x4)

.ARM.extab      0x08006088        0x0
                0x08006088                        . = ALIGN (0x4)
 *(.ARM.extab* .gnu.linkonce.armextab.*)
                0x08006088                        . = ALIGN (0x4)

.ARM            0x08006088        0x8
                0x08006088                        . = ALIGN (0x4)
                0x08006088                        __exidx_start = .
 *(.ARM.exidx*)
 .ARM.exidx     0x08006088        0x8 /opt/st/stm32cubeide_2.0.0/plugins/com.st.stm32cube.ide.mcu.externaltools.gnu-tools-for-stm32.13.3.rel1.linux64_1.0.100.202509120712/tools/bin/../lib/gcc/arm-none-eabi/13.3.1/thumb/v7e-m+fp/hard/libgcc.a(_udivmoddi4.o)
                0x08006090                        __exidx_end = .
                0x08006090                        . = ALIGN (0x4)

.preinit_array  0x08006090        0x0
                0x08006090                        . = ALIGN (0x4)
                0x08006090                        PROVIDE (__preinit_array_start = .)
 *(.preinit_array*)
                0x08006090                        PROVIDE (__preinit_array_end = .)
                0x08006090                        . = ALIGN (0x4)

.init_array     0x08006090        0x8
                0x08006090                        . = ALIGN (0x4)
                0x08006090                        PROVIDE (__init_array_start = .)
 *(SORT_BY_NAME(.init_array.*))
 *(.init_array*)
 .init_array    0x08006090        0x4 /opt/st/stm32cubeide_2.0.0/plugins/com.st.stm32cube.ide.mcu.externaltools.gnu-tools-for-stm32.13.3.rel1.linux64_1.0.100.202509120712/tools/bin/../lib/gcc/arm-none-eabi/13.3.1/thumb/v7e-m+fp/hard/crtbegin.o
 .init_array    0x08006094        0x4 CMakeFiles/2026_Main_BackUP.dir/Core/Src/main.cpp.obj
                0x08006098                        PROVIDE (__init_array_end = .)
                0x08006098                        . = ALIGN (0x4)

.fini_array     0x08006098        0x4
                0x08006098                        . = ALIGN (0x4)
                [!provide]                        PROVIDE (__fini_array_start = .)
 *(SORT_BY_NAME(.fini_array.*))
 *(.fini_array*)
 .fini_array    0x08006098        0x4 /opt/st/stm32cubeide_2.0.0/plugins/com.st.stm32cube.ide.mcu.externaltools.gnu-tools-for-stm32.13.3.rel1.linux64_1.0.100.202509120712/tools/bin/../lib/gcc/arm-none-eabi/13.3.1/thumb/v7e-m+fp/hard/crtbegin.o
                [!provide]                        PROVIDE (__fini_array_end = .)
                0x0800609c                        . = ALIGN (0x4)
                0x0800609c                        _sidata = LOADADDR (.data)

.rel.dyn        0x0800609c        0x0
 .rel.iplt      0x0800609c        0x0 /opt/st/stm32cubeide_2.0.0/plugins/com.st.stm32cube.ide.mcu.externaltools.gnu-tools-for-stm32.13.3.rel1.linux64_1.0.100.202509120712/tools/bin/../lib/gcc/arm-none-eabi/13.3.1/thumb/v7e-m+fp/hard/crtbegin.o

.data           0x20000000       0x5c load address 0x0800609c
                0x20000000                        . = ALIGN (0x4)
                0x20000000                        _sdata = .
 *(.data)
 *(.data*)
 .data.SystemCoreClock
                0x20000000        0x4 cmake/stm32cubemx/CMakeFiles/STM32_Drivers.dir/__/__/Core/Src/system_stm32f4xx.c.obj
                0x20000000                SystemCoreClock
 .data.uwTickPrio
                0x20000004        0x4 cmake/stm32cubemx/CMakeFiles/STM32_Drivers.dir/__/__/Drivers/STM32F4xx_HAL_Driver/Src/stm32f4xx_hal.c.obj
                0x20000004                uwTickPrio
 .data.uwTickFreq
                0x20000008        0x1 cmake/stm32cubemx/CMakeFiles/STM32_Drivers.dir/__/__/Drivers/STM32F4xx_HAL_Driver/Src/stm32f4xx_hal.c.obj
                0x20000008                uwTickFreq
 *fill*         0x20000009        0x3 
 .data._impure_ptr
                0x2000000c        0x4 /opt/st/stm32cubeide_2.0.0/plugins/com.st.stm32cube.ide.mcu.externaltools.gnu-tools-for-stm32.13.3.rel1.linux64_1.0.100.202509120712/tools/bin/../lib/gcc/arm-none-eabi/13.3.1/../../../../arm-none-eabi/lib/thumb/v7e-m+fp/hard/libg_nano.a(libc_a-impure.o)
                0x2000000c                _impure_ptr
 .data._impure_data
                0x20000010       0x4c /opt/st/stm32cubeide_2.0.0/plugins/com.st.stm32cube.ide.mcu.externaltools.gnu-tools-for-stm32.13.3.rel1.linux64_1.0.100.202509120712/tools/bin/../lib/gcc/arm-none-eabi/13.3.1/../../../../arm-none-eabi/lib/thumb/v7e-m+fp/hard/libg_nano.a(libc_a-impure.o)
                0x20000010                _impure_data
 *(.RamFunc)
 *(.RamFunc*)
                0x2000005c                        . = ALIGN (0x4)

.igot.plt       0x2000005c        0x0 load address 0x080060f8
 .igot.plt      0x2000005c        0x0 /opt/st/stm32cubeide_2.0.0/plugins/com.st.stm32cube.ide.mcu.externaltools.gnu-tools-for-stm32.13.3.rel1.linux64_1.0.100.202509120712/tools/bin/../lib/gcc/arm-none-eabi/13.3.1/thumb/v7e-m+fp/hard/crtbegin.o

.tdata          0x2000005c        0x0 load address 0x080060f8
 *(.tdata .tdata.* .gnu.linkonce.td.*)
                0x2000005c                        . = ALIGN (0x4)
                0x2000005c                        _edata = .
                [!provide]                        PROVIDE (__data_end = .)
                [!provide]                        PROVIDE (__tdata_end = .)
                [!provide]                        PROVIDE (__tdata_start = ADDR (.tdata))
                [!provide]                        PROVIDE (__tdata_size = (__tdata_end - __tdata_start))
                [!provide]                        PROVIDE (__data_start = ADDR (.data))
                [!provide]                        PROVIDE (__data_size = (__data_end - __data_start))
                [!provide]                        PROVIDE (__tdata_source = LOADADDR (.tdata))
                [!provide]                        PROVIDE (__tdata_source_end = (LOADADDR (.tdata) + SIZEOF (.tdata)))
                [!provide]                        PROVIDE (__tdata_source_size = (__tdata_source_end - __tdata_source))
                [!provide]                        PROVIDE (__data_source = LOADADDR (.data))
                [!provide]                        PROVIDE (__data_source_end = __tdata_source_end)
                [!provide]                        PROVIDE (__data_source_size = (__data_source_end - __data_source))

.tbss           0x2000005c        0x0 load address 0x080060f8
                0x2000005c                        _sbss = .
                0x2000005c                        __bss_start__ = _sbss
 *(.tbss .tbss.*)
                0x2000005c                        . = ALIGN (0x4)
                [!provide]                        PROVIDE (__tbss_end = .)
                [!provide]                        PROVIDE (__tbss_start = ADDR (.tbss))
                [!provide]                        PROVIDE (__tbss_size = (__tbss_end - __tbss_start))
                [!provide]                        PROVIDE (__tbss_offset = (ADDR (.tbss) - ADDR (.tdata)))
                [!provide]                        PROVIDE (__tls_base = __tdata_start)
                [!provide]                        PROVIDE (__tls_end = __tbss_end)
                [!provide]                        PROVIDE (__tls_size = (__tls_end - __tls_base))
                [!provide]                        PROVIDE (__tls_align = MAX (ALIGNOF (.tdata), ALIGNOF (.tbss)))
                [!provide]                        PROVIDE (__tls_size_align = (((__tls_size + __tls_align) - 0x1) & ~ ((__tls_align - 0x1))))
                [!provide]                        PROVIDE (__arm32_tls_tcb_offset = MAX (0x8, __tls_align))
                [!provide]                        PROVIDE (__arm64_tls_tcb_offset = MAX (0x10, __tls_align))

.bss            0x20000060      0x2b4 load address 0x080060f8
 *(.bss)
 .bss           0x20000060       0x1c /opt/st/stm32cubeide_2.0.0/plugins/com.st.stm32cube.ide.mcu.externaltools.gnu-tools-for-stm32.13.3.rel1.linux64_1.0.100.202509120712/tools/bin/../lib/gcc/arm-none-eabi/13.3.1/thumb/v7e-m+fp/hard/crtbegin.o
 *(.bss*)
 .bss.hcan1     0x2000007c       0x28 CMakeFiles/2026_Main_BackUP.dir/Core/Src/main.cpp.obj
                0x2000007c                hcan1
 .bss.hcan2     0x200000a4       0x28 CMakeFiles/2026_Main_BackUP.dir/Core/Src/main.cpp.obj
                0x200000a4                hcan2
 .bss.htim6     0x200000cc       0x48 CMakeFiles/2026_Main_BackUP.dir/Core/Src/main.cpp.obj
                0x200000cc                htim6
 .bss.huart2    0x20000114       0x48 CMakeFiles/2026_Main_BackUP.dir/Core/Src/main.cpp.obj
                0x20000114                huart2
 *fill*         0x2000015c        0x4 
 .bss.sbus      0x20000160       0x50 CMakeFiles/2026_Main_BackUP.dir/Core/Src/main.cpp.obj
                0x20000160                sbus
 .bss.hogehoge  0x200001b0       0x20 CMakeFiles/2026_Main_BackUP.dir/Core/Src/main.cpp.obj
                0x200001b0                hogehoge
 .bss.rMasPtr   0x200001d0        0x4 CMakeFiles/2026_Main_BackUP.dir/Core/Src/main.cpp.obj
                0x200001d0                rMasPtr
 .bss.HAL_RCC_CAN1_CLK_ENABLED
                0x200001d4        0x4 CMakeFiles/2026_Main_BackUP.dir/Core/Src/stm32f4xx_hal_msp.c.obj
 .bss.uwTick    0x200001d8        0x4 cmake/stm32cubemx/CMakeFiles/STM32_Drivers.dir/__/__/Drivers/STM32F4xx_HAL_Driver/Src/stm32f4xx_hal.c.obj
                0x200001d8                uwTick
 .bss.__sf      0x200001dc      0x138 /opt/st/stm32cubeide_2.0.0/plugins/com.st.stm32cube.ide.mcu.externaltools.gnu-tools-for-stm32.13.3.rel1.linux64_1.0.100.202509120712/tools/bin/../lib/gcc/arm-none-eabi/13.3.1/../../../../arm-none-eabi/lib/thumb/v7e-m+fp/hard/libg_nano.a(libc_a-findfp.o)
                0x200001dc                __sf
 *(COMMON)
                0x20000314                        . = ALIGN (0x4)
                0x20000314                        _ebss = .
                0x20000314                        __bss_end__ = _ebss
                [!provide]                        PROVIDE (__bss_end = .)
                [!provide]                        PROVIDE (__non_tls_bss_start = ADDR (.bss))
                [!provide]                        PROVIDE (__bss_start = __tbss_start)
                [!provide]                        PROVIDE (__bss_size = (__bss_end - __bss_start))

._user_heap_stack
                0x20000314      0x604 load address 0x080060f8
                0x20000318                        . = ALIGN (0x8)
 *fill*         0x20000314        0x4 
                [!provide]                        PROVIDE (end = .)
                0x20000318                        PROVIDE (_end = .)
                0x20000518                        . = (. + _Min_Heap_Size)
 *fill*         0x20000318      0x200 
                0x20000918                        . = (. + _Min_Stack_Size)
 *fill*         0x20000518      0x400 
                0x20000918                        . = ALIGN (0x8)

/DISCARD/
 libc.a:*(*)
 libm.a:*(*)
 libgcc.a:*(*)
OUTPUT(2026_Main_BackUP.elf elf32-littlearm)
LOAD linker stubs

.ARM.attributes
                0x00000000       0x30
 .ARM.attributes
                0x00000000       0x22 /opt/st/stm32cubeide_2.0.0/plugins/com.st.stm32cube.ide.mcu.externaltools.gnu-tools-for-stm32.13.3.rel1.linux64_1.0.100.202509120712/tools/bin/../lib/gcc/arm-none-eabi/13.3.1/thumb/v7e-m+fp/hard/crti.o
 .ARM.attributes
                0x00000022       0x34 /opt/st/stm32cubeide_2.0.0/plugins/com.st.stm32cube.ide.mcu.externaltools.gnu-tools-for-stm32.13.3.rel1.linux64_1.0.100.202509120712/tools/bin/../lib/gcc/arm-none-eabi/13.3.1/thumb/v7e-m+fp/hard/crtbegin.o
 .ARM.attributes
                0x00000056       0x34 CMakeFiles/2026_Main_BackUP.dir/Core/Src/main.cpp.obj
 .ARM.attributes
                0x0000008a       0x34 CMakeFiles/2026_Main_BackUP.dir/lib/ISS/ISS_SBUS16.cpp.obj
 .ARM.attributes
                0x000000be       0x34 CMakeFiles/2026_Main_BackUP.dir/lib/RoboMaster/M2006.cpp.obj
 .ARM.attributes
                0x000000f2       0x34 CMakeFiles/2026_Main_BackUP.dir/lib/RoboMaster/M3508.cpp.obj
 .ARM.attributes
                0x00000126       0x34 CMakeFiles/2026_Main_BackUP.dir/lib/RoboMaster/RMaster.cpp.obj
 .ARM.attributes
                0x0000015a       0x34 CMakeFiles/2026_Main_BackUP.dir/Core/Src/stm32f4xx_it.c.obj
 .ARM.attributes
                0x0000018e       0x34 CMakeFiles/2026_Main_BackUP.dir/Core/Src/stm32f4xx_hal_msp.c.obj
 .ARM.attributes
                0x000001c2       0x21 CMakeFiles/2026_Main_BackUP.dir/startup_stm32f446xx.s.obj
 .ARM.attributes
                0x000001e3       0x34 cmake/stm32cubemx/CMakeFiles/STM32_Drivers.dir/__/__/Core/Src/system_stm32f4xx.c.obj
 .ARM.attributes
                0x00000217       0x34 cmake/stm32cubemx/CMakeFiles/STM32_Drivers.dir/__/__/Drivers/STM32F4xx_HAL_Driver/Src/stm32f4xx_hal_can.c.obj
 .ARM.attributes
                0x0000024b       0x34 cmake/stm32cubemx/CMakeFiles/STM32_Drivers.dir/__/__/Drivers/STM32F4xx_HAL_Driver/Src/stm32f4xx_hal_rcc.c.obj
 .ARM.attributes
                0x0000027f       0x34 cmake/stm32cubemx/CMakeFiles/STM32_Drivers.dir/__/__/Drivers/STM32F4xx_HAL_Driver/Src/stm32f4xx_hal_rcc_ex.c.obj
 .ARM.attributes
                0x000002b3       0x34 cmake/stm32cubemx/CMakeFiles/STM32_Drivers.dir/__/__/Drivers/STM32F4xx_HAL_Driver/Src/stm32f4xx_hal_gpio.c.obj
 .ARM.attributes
                0x000002e7       0x34 cmake/stm32cubemx/CMakeFiles/STM32_Drivers.dir/__/__/Drivers/STM32F4xx_HAL_Driver/Src/stm32f4xx_hal_cortex.c.obj
 .ARM.attributes
                0x0000031b       0x34 cmake/stm32cubemx/CMakeFiles/STM32_Drivers.dir/__/__/Drivers/STM32F4xx_HAL_Driver/Src/stm32f4xx_hal.c.obj
 .ARM.attributes
                0x0000034f       0x34 cmake/stm32cubemx/CMakeFiles/STM32_Drivers.dir/__/__/Drivers/STM32F4xx_HAL_Driver/Src/stm32f4xx_hal_tim.c.obj
 .ARM.attributes
                0x00000383       0x34 cmake/stm32cubemx/CMakeFiles/STM32_Drivers.dir/__/__/Drivers/STM32F4xx_HAL_Driver/Src/stm32f4xx_hal_tim_ex.c.obj
 .ARM.attributes
                0x000003b7       0x34 cmake/stm32cubemx/CMakeFiles/STM32_Drivers.dir/__/__/Drivers/STM32F4xx_HAL_Driver/Src/stm32f4xx_hal_uart.c.obj
 .ARM.attributes
                0x000003eb       0x34 /opt/st/stm32cubeide_2.0.0/plugins/com.st.stm32cube.ide.mcu.externaltools.gnu-tools-for-stm32.13.3.rel1.linux64_1.0.100.202509120712/tools/bin/../lib/gcc/arm-none-eabi/13.3.1/../../../../arm-none-eabi/lib/thumb/v7e-m+fp/hard/libm.a(libm_a-w_sqrt.o)
 .ARM.attributes
                0x0000041f       0x34 /opt/st/stm32cubeide_2.0.0/plugins/com.st.stm32cube.ide.mcu.externaltools.gnu-tools-for-stm32.13.3.rel1.linux64_1.0.100.202509120712/tools/bin/../lib/gcc/arm-none-eabi/13.3.1/../../../../arm-none-eabi/lib/thumb/v7e-m+fp/hard/libm.a(libm_a-e_sqrt.o)
 .ARM.attributes
                0x00000453       0x22 /opt/st/stm32cubeide_2.0.0/plugins/com.st.stm32cube.ide.mcu.externaltools.gnu-tools-for-stm32.13.3.rel1.linux64_1.0.100.202509120712/tools/bin/../lib/gcc/arm-none-eabi/13.3.1/thumb/v7e-m+fp/hard/libgcc.a(_arm_addsubdf3.o)
 .ARM.attributes
                0x00000475       0x22 /opt/st/stm32cubeide_2.0.0/plugins/com.st.stm32cube.ide.mcu.externaltools.gnu-tools-for-stm32.13.3.rel1.linux64_1.0.100.202509120712/tools/bin/../lib/gcc/arm-none-eabi/13.3.1/thumb/v7e-m+fp/hard/libgcc.a(_arm_muldivdf3.o)
 .ARM.attributes
                0x00000497       0x22 /opt/st/stm32cubeide_2.0.0/plugins/com.st.stm32cube.ide.mcu.externaltools.gnu-tools-for-stm32.13.3.rel1.linux64_1.0.100.202509120712/tools/bin/../lib/gcc/arm-none-eabi/13.3.1/thumb/v7e-m+fp/hard/libgcc.a(_arm_cmpdf2.o)
 .ARM.attributes
                0x000004b9       0x22 /opt/st/stm32cubeide_2.0.0/plugins/com.st.stm32cube.ide.mcu.externaltools.gnu-tools-for-stm32.13.3.rel1.linux64_1.0.100.202509120712/tools/bin/../lib/gcc/arm-none-eabi/13.3.1/thumb/v7e-m+fp/hard/libgcc.a(_arm_unorddf2.o)
 .ARM.attributes
                0x000004db       0x22 /opt/st/stm32cubeide_2.0.0/plugins/com.st.stm32cube.ide.mcu.externaltools.gnu-tools-for-stm32.13.3.rel1.linux64_1.0.100.202509120712/tools/bin/../lib/gcc/arm-none-eabi/13.3.1/thumb/v7e-m+fp/hard/libgcc.a(_arm_fixdfsi.o)
 .ARM.attributes
                0x000004fd       0x22 /opt/st/stm32cubeide_2.0.0/plugins/com.st.stm32cube.ide.mcu.externaltools.gnu-tools-for-stm32.13.3.rel1.linux64_1.0.100.202509120712/tools/bin/../lib/gcc/arm-none-eabi/13.3.1/thumb/v7e-m+fp/hard/libgcc.a(_aeabi_uldivmod.o)
 .ARM.attributes
                0x0000051f       0x34 /opt/st/stm32cubeide_2.0.0/plugins/com.st.stm32cube.ide.mcu.externaltools.gnu-tools-for-stm32.13.3.rel1.linux64_1.0.100.202509120712/tools/bin/../lib/gcc/arm-none-eabi/13.3.1/thumb/v7e-m+fp/hard/libgcc.a(_udivmoddi4.o)
 .ARM.attributes
                0x00000553       0x22 /opt/st/stm32cubeide_2.0.0/plugins/com.st.stm32cube.ide.mcu.externaltools.gnu-tools-for-stm32.13.3.rel1.linux64_1.0.100.202509120712/tools/bin/../lib/gcc/arm-none-eabi/13.3.1/thumb/v7e-m+fp/hard/libgcc.a(_dvmd_tls.o)
 .ARM.attributes
                0x00000575       0x34 /opt/st/stm32cubeide_2.0.0/plugins/com.st.stm32cube.ide.mcu.externaltools.gnu-tools-for-stm32.13.3.rel1.linux64_1.0.100.202509120712/tools/bin/../lib/gcc/arm-none-eabi/13.3.1/../../../../arm-none-eabi/lib/thumb/v7e-m+fp/hard/libg_nano.a(libc_a-findfp.o)
 .ARM.attributes
                0x000005a9       0x34 /opt/st/stm32cubeide_2.0.0/plugins/com.st.stm32cube.ide.mcu.externaltools.gnu-tools-for-stm32.13.3.rel1.linux64_1.0.100.202509120712/tools/bin/../lib/gcc/arm-none-eabi/13.3.1/../../../../arm-none-eabi/lib/thumb/v7e-m+fp/hard/libg_nano.a(libc_a-memset.o)
 .ARM.attributes
                0x000005dd       0x34 /opt/st/stm32cubeide_2.0.0/plugins/com.st.stm32cube.ide.mcu.externaltools.gnu-tools-for-stm32.13.3.rel1.linux64_1.0.100.202509120712/tools/bin/../lib/gcc/arm-none-eabi/13.3.1/../../../../arm-none-eabi/lib/thumb/v7e-m+fp/hard/libg_nano.a(libc_a-impure.o)
 .ARM.attributes
                0x00000611       0x34 /opt/st/stm32cubeide_2.0.0/plugins/com.st.stm32cube.ide.mcu.externaltools.gnu-tools-for-stm32.13.3.rel1.linux64_1.0.100.202509120712/tools/bin/../lib/gcc/arm-none-eabi/13.3.1/../../../../arm-none-eabi/lib/thumb/v7e-m+fp/hard/libg_nano.a(libc_a-errno.o)
 .ARM.attributes
                0x00000645       0x34 /opt/st/stm32cubeide_2.0.0/plugins/com.st.stm32cube.ide.mcu.externaltools.gnu-tools-for-stm32.13.3.rel1.linux64_1.0.100.202509120712/tools/bin/../lib/gcc/arm-none-eabi/13.3.1/../../../../arm-none-eabi/lib/thumb/v7e-m+fp/hard/libg_nano.a(libc_a-init.o)
 .ARM.attributes
                0x00000679       0x22 /opt/st/stm32cubeide_2.0.0/plugins/com.st.stm32cube.ide.mcu.externaltools.gnu-tools-for-stm32.13.3.rel1.linux64_1.0.100.202509120712/tools/bin/../lib/gcc/arm-none-eabi/13.3.1/thumb/v7e-m+fp/hard/crtn.o

.comment        0x00000000       0x43
 .comment       0x00000000       0x43 CMakeFiles/2026_Main_BackUP.dir/Core/Src/main.cpp.obj
                                 0x44 (size before relaxing)
 .comment       0x00000043        0x0 CMakeFiles/2026_Main_BackUP.dir/lib/ISS/ISS_SBUS16.cpp.obj
                                 0x44 (size before relaxing)
 .comment       0x00000043        0x0 CMakeFiles/2026_Main_BackUP.dir/lib/RoboMaster/M2006.cpp.obj
                                 0x44 (size before relaxing)
 .comment       0x00000043        0x0 CMakeFiles/2026_Main_BackUP.dir/lib/RoboMaster/M3508.cpp.obj
                                 0x44 (size before relaxing)
 .comment       0x00000043        0x0 CMakeFiles/2026_Main_BackUP.dir/lib/RoboMaster/RMaster.cpp.obj
                                 0x44 (size before relaxing)
 .comment       0x00000043        0x0 CMakeFiles/2026_Main_BackUP.dir/Core/Src/stm32f4xx_it.c.obj
                                 0x44 (size before relaxing)
 .comment       0x00000043        0x0 CMakeFiles/2026_Main_BackUP.dir/Core/Src/stm32f4xx_hal_msp.c.obj
                                 0x44 (size before relaxing)
 .comment       0x00000043        0x0 cmake/stm32cubemx/CMakeFiles/STM32_Drivers.dir/__/__/Core/Src/system_stm32f4xx.c.obj
                                 0x44 (size before relaxing)
 .comment       0x00000043        0x0 cmake/stm32cubemx/CMakeFiles/STM32_Drivers.dir/__/__/Drivers/STM32F4xx_HAL_Driver/Src/stm32f4xx_hal_can.c.obj
                                 0x44 (size before relaxing)
 .comment       0x00000043        0x0 cmake/stm32cubemx/CMakeFiles/STM32_Drivers.dir/__/__/Drivers/STM32F4xx_HAL_Driver/Src/stm32f4xx_hal_rcc.c.obj
                                 0x44 (size before relaxing)
 .comment       0x00000043        0x0 cmake/stm32cubemx/CMakeFiles/STM32_Drivers.dir/__/__/Drivers/STM32F4xx_HAL_Driver/Src/stm32f4xx_hal_rcc_ex.c.obj
                                 0x44 (size before relaxing)
 .comment       0x00000043        0x0 cmake/stm32cubemx/CMakeFiles/STM32_Drivers.dir/__/__/Drivers/STM32F4xx_HAL_Driver/Src/stm32f4xx_hal_gpio.c.obj
                                 0x44 (size before relaxing)
 .comment       0x00000043        0x0 cmake/stm32cubemx/CMakeFiles/STM32_Drivers.dir/__/__/Drivers/STM32F4xx_HAL_Driver/Src/stm32f4xx_hal_cortex.c.obj
                                 0x44 (size before relaxing)
 .comment       0x00000043        0x0 cmake/stm32cubemx/CMakeFiles/STM32_Drivers.dir/__/__/Drivers/STM32F4xx_HAL_Driver/Src/stm32f4xx_hal.c.obj
                                 0x44 (size before relaxing)
 .comment       0x00000043        0x0 cmake/stm32cubemx/CMakeFiles/STM32_Drivers.dir/__/__/Drivers/STM32F4xx_HAL_Driver/Src/stm32f4xx_hal_tim.c.obj
                                 0x44 (size before relaxing)
 .comment       0x00000043        0x0 cmake/stm32cubemx/CMakeFiles/STM32_Drivers.dir/__/__/Drivers/STM32F4xx_HAL_Driver/Src/stm32f4xx_hal_tim_ex.c.obj
                                 0x44 (size before relaxing)
 .comment       0x00000043        0x0 cmake/stm32cubemx/CMakeFiles/STM32_Drivers.dir/__/__/Drivers/STM32F4xx_HAL_Driver/Src/stm32f4xx_hal_uart.c.obj
                                 0x44 (size before relaxing)
 .comment       0x00000043        0x0 /opt/st/stm32cubeide_2.0.0/plugins/com.st.stm32cube.ide.mcu.externaltools.gnu-tools-for-stm32.13.3.rel1.linux64_1.0.100.202509120712/tools/bin/../lib/gcc/arm-none-eabi/13.3.1/../../../../arm-none-eabi/lib/thumb/v7e-m+fp/hard/libg_nano.a(libc_a-findfp.o)
                                 0x44 (size before relaxing)
 .comment       0x00000043        0x0 /opt/st/stm32cubeide_2.0.0/plugins/com.st.stm32cube.ide.mcu.externaltools.gnu-tools-for-stm32.13.3.rel1.linux64_1.0.100.202509120712/tools/bin/../lib/gcc/arm-none-eabi/13.3.1/../../../../arm-none-eabi/lib/thumb/v7e-m+fp/hard/libg_nano.a(libc_a-memset.o)
                                 0x44 (size before relaxing)
 .comment       0x00000043        0x0 /opt/st/stm32cubeide_2.0.0/plugins/com.st.stm32cube.ide.mcu.externaltools.gnu-tools-for-stm32.13.3.rel1.linux64_1.0.100.202509120712/tools/bin/../lib/gcc/arm-none-eabi/13.3.1/../../../../arm-none-eabi/lib/thumb/v7e-m+fp/hard/libg_nano.a(libc_a-impure.o)
                                 0x44 (size before relaxing)
 .comment       0x00000043        0x0 /opt/st/stm32cubeide_2.0.0/plugins/com.st.stm32cube.ide.mcu.externaltools.gnu-tools-for-stm32.13.3.rel1.linux64_1.0.100.202509120712/tools/bin/../lib/gcc/arm-none-eabi/13.3.1/../../../../arm-none-eabi/lib/thumb/v7e-m+fp/hard/libg_nano.a(libc_a-errno.o)
                                 0x44 (size before relaxing)
 .comment       0x00000043        0x0 /opt/st/stm32cubeide_2.0.0/plugins/com.st.stm32cube.ide.mcu.externaltools.gnu-tools-for-stm32.13.3.rel1.linux64_1.0.100.202509120712/tools/bin/../lib/gcc/arm-none-eabi/13.3.1/../../../../arm-none-eabi/lib/thumb/v7e-m+fp/hard/libg_nano.a(libc_a-init.o)
                                 0x44 (size before relaxing)

.debug_info     0x00000000    0x143a9
 .debug_info    0x00000000     0x25c1 CMakeFiles/2026_Main_BackUP.dir/Core/Src/main.cpp.obj
 .debug_info    0x000025c1      0x546 CMakeFiles/2026_Main_BackUP.dir/lib/ISS/ISS_SBUS16.cpp.obj
 .debug_info    0x00002b07      0xa58 CMakeFiles/2026_Main_BackUP.dir/lib/RoboMaster/M2006.cpp.obj
 .debug_info    0x0000355f      0xa58 CMakeFiles/2026_Main_BackUP.dir/lib/RoboMaster/M3508.cpp.obj
 .debug_info    0x00003fb7     0x1196 CMakeFiles/2026_Main_BackUP.dir/lib/RoboMaster/RMaster.cpp.obj
 .debug_info    0x0000514d      0xb25 CMakeFiles/2026_Main_BackUP.dir/Core/Src/stm32f4xx_it.c.obj
 .debug_info    0x00005c72     0x1454 CMakeFiles/2026_Main_BackUP.dir/Core/Src/stm32f4xx_hal_msp.c.obj
 .debug_info    0x000070c6       0x30 CMakeFiles/2026_Main_BackUP.dir/startup_stm32f446xx.s.obj
 .debug_info    0x000070f6      0x54a cmake/stm32cubemx/CMakeFiles/STM32_Drivers.dir/__/__/Core/Src/system_stm32f4xx.c.obj
 .debug_info    0x00007640      0xf44 cmake/stm32cubemx/CMakeFiles/STM32_Drivers.dir/__/__/Drivers/STM32F4xx_HAL_Driver/Src/stm32f4xx_hal_can.c.obj
 .debug_info    0x00008584      0x8ff cmake/stm32cubemx/CMakeFiles/STM32_Drivers.dir/__/__/Drivers/STM32F4xx_HAL_Driver/Src/stm32f4xx_hal_rcc.c.obj
 .debug_info    0x00008e83      0x960 cmake/stm32cubemx/CMakeFiles/STM32_Drivers.dir/__/__/Drivers/STM32F4xx_HAL_Driver/Src/stm32f4xx_hal_rcc_ex.c.obj
 .debug_info    0x000097e3      0x70b cmake/stm32cubemx/CMakeFiles/STM32_Drivers.dir/__/__/Drivers/STM32F4xx_HAL_Driver/Src/stm32f4xx_hal_gpio.c.obj
 .debug_info    0x00009eee      0xdaa cmake/stm32cubemx/CMakeFiles/STM32_Drivers.dir/__/__/Drivers/STM32F4xx_HAL_Driver/Src/stm32f4xx_hal_cortex.c.obj
 .debug_info    0x0000ac98      0x99a cmake/stm32cubemx/CMakeFiles/STM32_Drivers.dir/__/__/Drivers/STM32F4xx_HAL_Driver/Src/stm32f4xx_hal.c.obj
 .debug_info    0x0000b632     0x299d cmake/stm32cubemx/CMakeFiles/STM32_Drivers.dir/__/__/Drivers/STM32F4xx_HAL_Driver/Src/stm32f4xx_hal_tim.c.obj
 .debug_info    0x0000dfcf     0x14db cmake/stm32cubemx/CMakeFiles/STM32_Drivers.dir/__/__/Drivers/STM32F4xx_HAL_Driver/Src/stm32f4xx_hal_tim_ex.c.obj
 .debug_info    0x0000f4aa     0x2f4f cmake/stm32cubemx/CMakeFiles/STM32_Drivers.dir/__/__/Drivers/STM32F4xx_HAL_Driver/Src/stm32f4xx_hal_uart.c.obj
 .debug_info    0x000123f9      0xfb5 /opt/st/stm32cubeide_2.0.0/plugins/com.st.stm32cube.ide.mcu.externaltools.gnu-tools-for-stm32.13.3.rel1.linux64_1.0.100.202509120712/tools/bin/../lib/gcc/arm-none-eabi/13.3.1/../../../../arm-none-eabi/lib/thumb/v7e-m+fp/hard/libg_nano.a(libc_a-findfp.o)
 .debug_info    0x000133ae       0xe0 /opt/st/stm32cubeide_2.0.0/plugins/com.st.stm32cube.ide.mcu.externaltools.gnu-tools-for-stm32.13.3.rel1.linux64_1.0.100.202509120712/tools/bin/../lib/gcc/arm-none-eabi/13.3.1/../../../../arm-none-eabi/lib/thumb/v7e-m+fp/hard/libg_nano.a(libc_a-memset.o)
 .debug_info    0x0001348e      0x715 /opt/st/stm32cubeide_2.0.0/plugins/com.st.stm32cube.ide.mcu.externaltools.gnu-tools-for-stm32.13.3.rel1.linux64_1.0.100.202509120712/tools/bin/../lib/gcc/arm-none-eabi/13.3.1/../../../../arm-none-eabi/lib/thumb/v7e-m+fp/hard/libg_nano.a(libc_a-impure.o)
 .debug_info    0x00013ba3      0x6fb /opt/st/stm32cubeide_2.0.0/plugins/com.st.stm32cube.ide.mcu.externaltools.gnu-tools-for-stm32.13.3.rel1.linux64_1.0.100.202509120712/tools/bin/../lib/gcc/arm-none-eabi/13.3.1/../../../../arm-none-eabi/lib/thumb/v7e-m+fp/hard/libg_nano.a(libc_a-errno.o)
 .debug_info    0x0001429e      0x10b /opt/st/stm32cubeide_2.0.0/plugins/com.st.stm32cube.ide.mcu.externaltools.gnu-tools-for-stm32.13.3.rel1.linux64_1.0.100.202509120712/tools/bin/../lib/gcc/arm-none-eabi/13.3.1/../../../../arm-none-eabi/lib/thumb/v7e-m+fp/hard/libg_nano.a(libc_a-init.o)

.debug_abbrev   0x00000000     0x315e
 .debug_abbrev  0x00000000      0x4af CMakeFiles/2026_Main_BackUP.dir/Core/Src/main.cpp.obj
 .debug_abbrev  0x000004af      0x1ab CMakeFiles/2026_Main_BackUP.dir/lib/ISS/ISS_SBUS16.cpp.obj
 .debug_abbrev  0x0000065a      0x238 CMakeFiles/2026_Main_BackUP.dir/lib/RoboMaster/M2006.cpp.obj
 .debug_abbrev  0x00000892      0x238 CMakeFiles/2026_Main_BackUP.dir/lib/RoboMaster/M3508.cpp.obj
 .debug_abbrev  0x00000aca      0x2af CMakeFiles/2026_Main_BackUP.dir/lib/RoboMaster/RMaster.cpp.obj
 .debug_abbrev  0x00000d79      0x1f4 CMakeFiles/2026_Main_BackUP.dir/Core/Src/stm32f4xx_it.c.obj
 .debug_abbrev  0x00000f6d      0x251 CMakeFiles/2026_Main_BackUP.dir/Core/Src/stm32f4xx_hal_msp.c.obj
 .debug_abbrev  0x000011be       0x24 CMakeFiles/2026_Main_BackUP.dir/startup_stm32f446xx.s.obj
 .debug_abbrev  0x000011e2      0x11a cmake/stm32cubemx/CMakeFiles/STM32_Drivers.dir/__/__/Core/Src/system_stm32f4xx.c.obj
 .debug_abbrev  0x000012fc      0x25a cmake/stm32cubemx/CMakeFiles/STM32_Drivers.dir/__/__/Drivers/STM32F4xx_HAL_Driver/Src/stm32f4xx_hal_can.c.obj
 .debug_abbrev  0x00001556      0x2b7 cmake/stm32cubemx/CMakeFiles/STM32_Drivers.dir/__/__/Drivers/STM32F4xx_HAL_Driver/Src/stm32f4xx_hal_rcc.c.obj
 .debug_abbrev  0x0000180d      0x211 cmake/stm32cubemx/CMakeFiles/STM32_Drivers.dir/__/__/Drivers/STM32F4xx_HAL_Driver/Src/stm32f4xx_hal_rcc_ex.c.obj
 .debug_abbrev  0x00001a1e      0x1d4 cmake/stm32cubemx/CMakeFiles/STM32_Drivers.dir/__/__/Drivers/STM32F4xx_HAL_Driver/Src/stm32f4xx_hal_gpio.c.obj
 .debug_abbrev  0x00001bf2      0x31d cmake/stm32cubemx/CMakeFiles/STM32_Drivers.dir/__/__/Drivers/STM32F4xx_HAL_Driver/Src/stm32f4xx_hal_cortex.c.obj
 .debug_abbrev  0x00001f0f      0x214 cmake/stm32cubemx/CMakeFiles/STM32_Drivers.dir/__/__/Drivers/STM32F4xx_HAL_Driver/Src/stm32f4xx_hal.c.obj
 .debug_abbrev  0x00002123      0x278 cmake/stm32cubemx/CMakeFiles/STM32_Drivers.dir/__/__/Drivers/STM32F4xx_HAL_Driver/Src/stm32f4xx_hal_tim.c.obj
 .debug_abbrev  0x0000239b      0x283 cmake/stm32cubemx/CMakeFiles/STM32_Drivers.dir/__/__/Drivers/STM32F4xx_HAL_Driver/Src/stm32f4xx_hal_tim_ex.c.obj
 .debug_abbrev  0x0000261e      0x30e cmake/stm32cubemx/CMakeFiles/STM32_Drivers.dir/__/__/Drivers/STM32F4xx_HAL_Driver/Src/stm32f4xx_hal_uart.c.obj
 .debug_abbrev  0x0000292c      0x424 /opt/st/stm32cubeide_2.0.0/plugins/com.st.stm32cube.ide.mcu.externaltools.gnu-tools-for-stm32.13.3.rel1.linux64_1.0.100.202509120712/tools/bin/../lib/gcc/arm-none-eabi/13.3.1/../../../../arm-none-eabi/lib/thumb/v7e-m+fp/hard/libg_nano.a(libc_a-findfp.o)
 .debug_abbrev  0x00002d50       0x9e /opt/st/stm32cubeide_2.0.0/plugins/com.st.stm32cube.ide.mcu.externaltools.gnu-tools-for-stm32.13.3.rel1.linux64_1.0.100.202509120712/tools/bin/../lib/gcc/arm-none-eabi/13.3.1/../../../../arm-none-eabi/lib/thumb/v7e-m+fp/hard/libg_nano.a(libc_a-memset.o)
 .debug_abbrev  0x00002dee      0x149 /opt/st/stm32cubeide_2.0.0/plugins/com.st.stm32cube.ide.mcu.externaltools.gnu-tools-for-stm32.13.3.rel1.linux64_1.0.100.202509120712/tools/bin/../lib/gcc/arm-none-eabi/13.3.1/../../../../arm-none-eabi/lib/thumb/v7e-m+fp/hard/libg_nano.a(libc_a-impure.o)
 .debug_abbrev  0x00002f37      0x15e /opt/st/stm32cubeide_2.0.0/plugins/com.st.stm32cube.ide.mcu.externaltools.gnu-tools-for-stm32.13.3.rel1.linux64_1.0.100.202509120712/tools/bin/../lib/gcc/arm-none-eabi/13.3.1/../../../../arm-none-eabi/lib/thumb/v7e-m+fp/hard/libg_nano.a(libc_a-errno.o)
 .debug_abbrev  0x00003095       0xc9 /opt/st/stm32cubeide_2.0.0/plugins/com.st.stm32cube.ide.mcu.externaltools.gnu-tools-for-stm32.13.3.rel1.linux64_1.0.100.202509120712/tools/bin/../lib/gcc/arm-none-eabi/13.3.1/../../../../arm-none-eabi/lib/thumb/v7e-m+fp/hard/libg_nano.a(libc_a-init.o)

.debug_aranges  0x00000000     0x10f8
 .debug_aranges
                0x00000000       0x80 CMakeFiles/2026_Main_BackUP.dir/Core/Src/main.cpp.obj
 .debug_aranges
                0x00000080       0x70 CMakeFiles/2026_Main_BackUP.dir/lib/ISS/ISS_SBUS16.cpp.obj
 .debug_aranges
                0x000000f0       0xd8 CMakeFiles/2026_Main_BackUP.dir/lib/RoboMaster/M2006.cpp.obj
 .debug_aranges
                0x000001c8       0xd8 CMakeFiles/2026_Main_BackUP.dir/lib/RoboMaster/M3508.cpp.obj
 .debug_aranges
                0x000002a0       0x40 CMakeFiles/2026_Main_BackUP.dir/lib/RoboMaster/RMaster.cpp.obj
 .debug_aranges
                0x000002e0       0x98 CMakeFiles/2026_Main_BackUP.dir/Core/Src/stm32f4xx_it.c.obj
 .debug_aranges
                0x00000378       0x50 CMakeFiles/2026_Main_BackUP.dir/Core/Src/stm32f4xx_hal_msp.c.obj
 .debug_aranges
                0x000003c8       0x28 CMakeFiles/2026_Main_BackUP.dir/startup_stm32f446xx.s.obj
 .debug_aranges
                0x000003f0       0x28 cmake/stm32cubemx/CMakeFiles/STM32_Drivers.dir/__/__/Core/Src/system_stm32f4xx.c.obj
 .debug_aranges
                0x00000418      0x138 cmake/stm32cubemx/CMakeFiles/STM32_Drivers.dir/__/__/Drivers/STM32F4xx_HAL_Driver/Src/stm32f4xx_hal_can.c.obj
 .debug_aranges
                0x00000550       0x88 cmake/stm32cubemx/CMakeFiles/STM32_Drivers.dir/__/__/Drivers/STM32F4xx_HAL_Driver/Src/stm32f4xx_hal_rcc.c.obj
 .debug_aranges
                0x000005d8       0x78 cmake/stm32cubemx/CMakeFiles/STM32_Drivers.dir/__/__/Drivers/STM32F4xx_HAL_Driver/Src/stm32f4xx_hal_rcc_ex.c.obj
 .debug_aranges
                0x00000650       0x58 cmake/stm32cubemx/CMakeFiles/STM32_Drivers.dir/__/__/Drivers/STM32F4xx_HAL_Driver/Src/stm32f4xx_hal_gpio.c.obj
 .debug_aranges
                0x000006a8      0x130 cmake/stm32cubemx/CMakeFiles/STM32_Drivers.dir/__/__/Drivers/STM32F4xx_HAL_Driver/Src/stm32f4xx_hal_cortex.c.obj
 .debug_aranges
                0x000007d8       0xf0 cmake/stm32cubemx/CMakeFiles/STM32_Drivers.dir/__/__/Drivers/STM32F4xx_HAL_Driver/Src/stm32f4xx_hal.c.obj
 .debug_aranges
                0x000008c8      0x3d0 cmake/stm32cubemx/CMakeFiles/STM32_Drivers.dir/__/__/Drivers/STM32F4xx_HAL_Driver/Src/stm32f4xx_hal_tim.c.obj
 .debug_aranges
                0x00000c98      0x168 cmake/stm32cubemx/CMakeFiles/STM32_Drivers.dir/__/__/Drivers/STM32F4xx_HAL_Driver/Src/stm32f4xx_hal_tim_ex.c.obj
 .debug_aranges
                0x00000e00      0x208 cmake/stm32cubemx/CMakeFiles/STM32_Drivers.dir/__/__/Drivers/STM32F4xx_HAL_Driver/Src/stm32f4xx_hal_uart.c.obj
 .debug_aranges
                0x00001008       0x78 /opt/st/stm32cubeide_2.0.0/plugins/com.st.stm32cube.ide.mcu.externaltools.gnu-tools-for-stm32.13.3.rel1.linux64_1.0.100.202509120712/tools/bin/../lib/gcc/arm-none-eabi/13.3.1/../../../../arm-none-eabi/lib/thumb/v7e-m+fp/hard/libg_nano.a(libc_a-findfp.o)
 .debug_aranges
                0x00001080       0x20 /opt/st/stm32cubeide_2.0.0/plugins/com.st.stm32cube.ide.mcu.externaltools.gnu-tools-for-stm32.13.3.rel1.linux64_1.0.100.202509120712/tools/bin/../lib/gcc/arm-none-eabi/13.3.1/../../../../arm-none-eabi/lib/thumb/v7e-m+fp/hard/libg_nano.a(libc_a-memset.o)
 .debug_aranges
                0x000010a0       0x18 /opt/st/stm32cubeide_2.0.0/plugins/com.st.stm32cube.ide.mcu.externaltools.gnu-tools-for-stm32.13.3.rel1.linux64_1.0.100.202509120712/tools/bin/../lib/gcc/arm-none-eabi/13.3.1/../../../../arm-none-eabi/lib/thumb/v7e-m+fp/hard/libg_nano.a(libc_a-impure.o)
 .debug_aranges
                0x000010b8       0x20 /opt/st/stm32cubeide_2.0.0/plugins/com.st.stm32cube.ide.mcu.externaltools.gnu-tools-for-stm32.13.3.rel1.linux64_1.0.100.202509120712/tools/bin/../lib/gcc/arm-none-eabi/13.3.1/../../../../arm-none-eabi/lib/thumb/v7e-m+fp/hard/libg_nano.a(libc_a-errno.o)
 .debug_aranges
                0x000010d8       0x20 /opt/st/stm32cubeide_2.0.0/plugins/com.st.stm32cube.ide.mcu.externaltools.gnu-tools-for-stm32.13.3.rel1.linux64_1.0.100.202509120712/tools/bin/../lib/gcc/arm-none-eabi/13.3.1/../../../../arm-none-eabi/lib/thumb/v7e-m+fp/hard/libg_nano.a(libc_a-init.o)

.debug_rnglists
                0x00000000      0xd39
 .debug_rnglists
                0x00000000       0x60 CMakeFiles/2026_Main_BackUP.dir/Core/Src/main.cpp.obj
 .debug_rnglists
                0x00000060       0x51 CMakeFiles/2026_Main_BackUP.dir/lib/ISS/ISS_SBUS16.cpp.obj
 .debug_rnglists
                0x000000b1       0xa2 CMakeFiles/2026_Main_BackUP.dir/lib/RoboMaster/M2006.cpp.obj
 .debug_rnglists
                0x00000153       0xa2 CMakeFiles/2026_Main_BackUP.dir/lib/RoboMaster/M3508.cpp.obj
 .debug_rnglists
                0x000001f5       0x3c CMakeFiles/2026_Main_BackUP.dir/lib/RoboMaster/RMaster.cpp.obj
 .debug_rnglists
                0x00000231       0x6d CMakeFiles/2026_Main_BackUP.dir/Core/Src/stm32f4xx_it.c.obj
 .debug_rnglists
                0x0000029e       0x3a CMakeFiles/2026_Main_BackUP.dir/Core/Src/stm32f4xx_hal_msp.c.obj
 .debug_rnglists
                0x000002d8       0x19 CMakeFiles/2026_Main_BackUP.dir/startup_stm32f446xx.s.obj
 .debug_rnglists
                0x000002f1       0x1a cmake/stm32cubemx/CMakeFiles/STM32_Drivers.dir/__/__/Core/Src/system_stm32f4xx.c.obj
 .debug_rnglists
                0x0000030b       0xee cmake/stm32cubemx/CMakeFiles/STM32_Drivers.dir/__/__/Drivers/STM32F4xx_HAL_Driver/Src/stm32f4xx_hal_can.c.obj
 .debug_rnglists
                0x000003f9       0x66 cmake/stm32cubemx/CMakeFiles/STM32_Drivers.dir/__/__/Drivers/STM32F4xx_HAL_Driver/Src/stm32f4xx_hal_rcc.c.obj
 .debug_rnglists
                0x0000045f       0x5e cmake/stm32cubemx/CMakeFiles/STM32_Drivers.dir/__/__/Drivers/STM32F4xx_HAL_Driver/Src/stm32f4xx_hal_rcc_ex.c.obj
 .debug_rnglists
                0x000004bd       0x3f cmake/stm32cubemx/CMakeFiles/STM32_Drivers.dir/__/__/Drivers/STM32F4xx_HAL_Driver/Src/stm32f4xx_hal_gpio.c.obj
 .debug_rnglists
                0x000004fc       0xe0 cmake/stm32cubemx/CMakeFiles/STM32_Drivers.dir/__/__/Drivers/STM32F4xx_HAL_Driver/Src/stm32f4xx_hal_cortex.c.obj
 .debug_rnglists
                0x000005dc       0xaf cmake/stm32cubemx/CMakeFiles/STM32_Drivers.dir/__/__/Drivers/STM32F4xx_HAL_Driver/Src/stm32f4xx_hal.c.obj
 .debug_rnglists
                0x0000068b      0x31a cmake/stm32cubemx/CMakeFiles/STM32_Drivers.dir/__/__/Drivers/STM32F4xx_HAL_Driver/Src/stm32f4xx_hal_tim.c.obj
 .debug_rnglists
                0x000009a5      0x125 cmake/stm32cubemx/CMakeFiles/STM32_Drivers.dir/__/__/Drivers/STM32F4xx_HAL_Driver/Src/stm32f4xx_hal_tim_ex.c.obj
 .debug_rnglists
                0x00000aca      0x1bc cmake/stm32cubemx/CMakeFiles/STM32_Drivers.dir/__/__/Drivers/STM32F4xx_HAL_Driver/Src/stm32f4xx_hal_uart.c.obj
 .debug_rnglists
                0x00000c86       0x7a /opt/st/stm32cubeide_2.0.0/plugins/com.st.stm32cube.ide.mcu.externaltools.gnu-tools-for-stm32.13.3.rel1.linux64_1.0.100.202509120712/tools/bin/../lib/gcc/arm-none-eabi/13.3.1/../../../../arm-none-eabi/lib/thumb/v7e-m+fp/hard/libg_nano.a(libc_a-findfp.o)
 .debug_rnglists
                0x00000d00       0x13 /opt/st/stm32cubeide_2.0.0/plugins/com.st.stm32cube.ide.mcu.externaltools.gnu-tools-for-stm32.13.3.rel1.linux64_1.0.100.202509120712/tools/bin/../lib/gcc/arm-none-eabi/13.3.1/../../../../arm-none-eabi/lib/thumb/v7e-m+fp/hard/libg_nano.a(libc_a-memset.o)
 .debug_rnglists
                0x00000d13       0x13 /opt/st/stm32cubeide_2.0.0/plugins/com.st.stm32cube.ide.mcu.externaltools.gnu-tools-for-stm32.13.3.rel1.linux64_1.0.100.202509120712/tools/bin/../lib/gcc/arm-none-eabi/13.3.1/../../../../arm-none-eabi/lib/thumb/v7e-m+fp/hard/libg_nano.a(libc_a-errno.o)
 .debug_rnglists
                0x00000d26       0x13 /opt/st/stm32cubeide_2.0.0/plugins/com.st.stm32cube.ide.mcu.externaltools.gnu-tools-for-stm32.13.3.rel1.linux64_1.0.100.202509120712/tools/bin/../lib/gcc/arm-none-eabi/13.3.1/../../../../arm-none-eabi/lib/thumb/v7e-m+fp/hard/libg_nano.a(libc_a-init.o)

.debug_macro    0x00000000    0x258f5
 .debug_macro   0x00000000      0x4f2 CMakeFiles/2026_Main_BackUP.dir/Core/Src/main.cpp.obj
 .debug_macro   0x000004f2      0xc1c CMakeFiles/2026_Main_BackUP.dir/Core/Src/main.cpp.obj
 .debug_macro   0x0000110e      0x2a1 CMakeFiles/2026_Main_BackUP.dir/Core/Src/main.cpp.obj
 .debug_macro   0x000013af       0x2e CMakeFiles/2026_Main_BackUP.dir/Core/Src/main.cpp.obj
 .debug_macro   0x000013dd       0x28 CMakeFiles/2026_Main_BackUP.dir/Core/Src/main.cpp.obj
 .debug_macro   0x00001405       0x1c CMakeFiles/2026_Main_BackUP.dir/Core/Src/main.cpp.obj
 .debug_macro   0x00001421       0x22 CMakeFiles/2026_Main_BackUP.dir/Core/Src/main.cpp.obj
 .debug_macro   0x00001443       0x8e CMakeFiles/2026_Main_BackUP.dir/Core/Src/main.cpp.obj
 .debug_macro   0x000014d1       0x51 CMakeFiles/2026_Main_BackUP.dir/Core/Src/main.cpp.obj
 .debug_macro   0x00001522      0x103 CMakeFiles/2026_Main_BackUP.dir/Core/Src/main.cpp.obj
 .debug_macro   0x00001625       0x6a CMakeFiles/2026_Main_BackUP.dir/Core/Src/main.cpp.obj
 .debug_macro   0x0000168f      0x1df CMakeFiles/2026_Main_BackUP.dir/Core/Src/main.cpp.obj
 .debug_macro   0x0000186e       0x1c CMakeFiles/2026_Main_BackUP.dir/Core/Src/main.cpp.obj
 .debug_macro   0x0000188a       0x22 CMakeFiles/2026_Main_BackUP.dir/Core/Src/main.cpp.obj
 .debug_macro   0x000018ac       0xfb CMakeFiles/2026_Main_BackUP.dir/Core/Src/main.cpp.obj
 .debug_macro   0x000019a7     0x1011 CMakeFiles/2026_Main_BackUP.dir/Core/Src/main.cpp.obj
 .debug_macro   0x000029b8      0x11f CMakeFiles/2026_Main_BackUP.dir/Core/Src/main.cpp.obj
 .debug_macro   0x00002ad7    0x1675e CMakeFiles/2026_Main_BackUP.dir/Core/Src/main.cpp.obj
 .debug_macro   0x00019235       0x6d CMakeFiles/2026_Main_BackUP.dir/Core/Src/main.cpp.obj
 .debug_macro   0x000192a2     0x3693 CMakeFiles/2026_Main_BackUP.dir/Core/Src/main.cpp.obj
 .debug_macro   0x0001c935      0x197 CMakeFiles/2026_Main_BackUP.dir/Core/Src/main.cpp.obj
 .debug_macro   0x0001cacc       0x5c CMakeFiles/2026_Main_BackUP.dir/Core/Src/main.cpp.obj
 .debug_macro   0x0001cb28      0xca5 CMakeFiles/2026_Main_BackUP.dir/Core/Src/main.cpp.obj
 .debug_macro   0x0001d7cd      0x9e9 CMakeFiles/2026_Main_BackUP.dir/Core/Src/main.cpp.obj
 .debug_macro   0x0001e1b6      0x115 CMakeFiles/2026_Main_BackUP.dir/Core/Src/main.cpp.obj
 .debug_macro   0x0001e2cb      0x1a0 CMakeFiles/2026_Main_BackUP.dir/Core/Src/main.cpp.obj
 .debug_macro   0x0001e46b       0xa5 CMakeFiles/2026_Main_BackUP.dir/Core/Src/main.cpp.obj
 .debug_macro   0x0001e510      0x16d CMakeFiles/2026_Main_BackUP.dir/Core/Src/main.cpp.obj
 .debug_macro   0x0001e67d      0x287 CMakeFiles/2026_Main_BackUP.dir/Core/Src/main.cpp.obj
 .debug_macro   0x0001e904       0x5f CMakeFiles/2026_Main_BackUP.dir/Core/Src/main.cpp.obj
 .debug_macro   0x0001e963      0x236 CMakeFiles/2026_Main_BackUP.dir/Core/Src/main.cpp.obj
 .debug_macro   0x0001eb99      0x40f CMakeFiles/2026_Main_BackUP.dir/Core/Src/main.cpp.obj
 .debug_macro   0x0001efa8      0x132 CMakeFiles/2026_Main_BackUP.dir/Core/Src/main.cpp.obj
 .debug_macro   0x0001f0da      0x29c CMakeFiles/2026_Main_BackUP.dir/Core/Src/main.cpp.obj
 .debug_macro   0x0001f376       0x2e CMakeFiles/2026_Main_BackUP.dir/Core/Src/main.cpp.obj
 .debug_macro   0x0001f3a4      0x127 CMakeFiles/2026_Main_BackUP.dir/Core/Src/main.cpp.obj
 .debug_macro   0x0001f4cb       0xe8 CMakeFiles/2026_Main_BackUP.dir/Core/Src/main.cpp.obj
 .debug_macro   0x0001f5b3       0x89 CMakeFiles/2026_Main_BackUP.dir/Core/Src/main.cpp.obj
 .debug_macro   0x0001f63c      0x8ed CMakeFiles/2026_Main_BackUP.dir/Core/Src/main.cpp.obj
 .debug_macro   0x0001ff29       0x53 CMakeFiles/2026_Main_BackUP.dir/Core/Src/main.cpp.obj
 .debug_macro   0x0001ff7c      0x2aa CMakeFiles/2026_Main_BackUP.dir/Core/Src/main.cpp.obj
 .debug_macro   0x00020226      0x126 CMakeFiles/2026_Main_BackUP.dir/Core/Src/main.cpp.obj
 .debug_macro   0x0002034c       0x58 CMakeFiles/2026_Main_BackUP.dir/Core/Src/main.cpp.obj
 .debug_macro   0x000203a4       0x40 CMakeFiles/2026_Main_BackUP.dir/Core/Src/main.cpp.obj
 .debug_macro   0x000203e4       0x46 CMakeFiles/2026_Main_BackUP.dir/Core/Src/main.cpp.obj
 .debug_macro   0x0002042a       0x16 CMakeFiles/2026_Main_BackUP.dir/Core/Src/main.cpp.obj
 .debug_macro   0x00020440      0x1f2 CMakeFiles/2026_Main_BackUP.dir/Core/Src/main.cpp.obj
 .debug_macro   0x00020632       0x10 CMakeFiles/2026_Main_BackUP.dir/Core/Src/main.cpp.obj
 .debug_macro   0x00020642       0xc8 CMakeFiles/2026_Main_BackUP.dir/Core/Src/main.cpp.obj
 .debug_macro   0x0002070a      0x103 CMakeFiles/2026_Main_BackUP.dir/Core/Src/main.cpp.obj
 .debug_macro   0x0002080d      0x368 CMakeFiles/2026_Main_BackUP.dir/Core/Src/main.cpp.obj
 .debug_macro   0x00020b75       0x18 CMakeFiles/2026_Main_BackUP.dir/Core/Src/main.cpp.obj
 .debug_macro   0x00020b8d       0x74 CMakeFiles/2026_Main_BackUP.dir/Core/Src/main.cpp.obj
 .debug_macro   0x00020c01       0x2a CMakeFiles/2026_Main_BackUP.dir/Core/Src/main.cpp.obj
 .debug_macro   0x00020c2b       0x3c CMakeFiles/2026_Main_BackUP.dir/Core/Src/main.cpp.obj
 .debug_macro   0x00020c67       0x34 CMakeFiles/2026_Main_BackUP.dir/Core/Src/main.cpp.obj
 .debug_macro   0x00020c9b      0x38c CMakeFiles/2026_Main_BackUP.dir/Core/Src/main.cpp.obj
 .debug_macro   0x00021027       0x16 CMakeFiles/2026_Main_BackUP.dir/Core/Src/main.cpp.obj
 .debug_macro   0x0002103d       0x4a CMakeFiles/2026_Main_BackUP.dir/Core/Src/main.cpp.obj
 .debug_macro   0x00021087       0x34 CMakeFiles/2026_Main_BackUP.dir/Core/Src/main.cpp.obj
 .debug_macro   0x000210bb       0x10 CMakeFiles/2026_Main_BackUP.dir/Core/Src/main.cpp.obj
 .debug_macro   0x000210cb       0x58 CMakeFiles/2026_Main_BackUP.dir/Core/Src/main.cpp.obj
 .debug_macro   0x00021123      0x1e5 CMakeFiles/2026_Main_BackUP.dir/Core/Src/main.cpp.obj
 .debug_macro   0x00021308      0x194 CMakeFiles/2026_Main_BackUP.dir/Core/Src/main.cpp.obj
 .debug_macro   0x0002149c       0x10 CMakeFiles/2026_Main_BackUP.dir/Core/Src/main.cpp.obj
 .debug_macro   0x000214ac       0x16 CMakeFiles/2026_Main_BackUP.dir/Core/Src/main.cpp.obj
 .debug_macro   0x000214c2       0x3c CMakeFiles/2026_Main_BackUP.dir/Core/Src/main.cpp.obj